EnvelopeHead.protocolVersion -> protocol_version
EnvelopeHead.type -> type
EnvelopeHead.requestId -> request_id
ErrorPayload.codeRaw -> code
ErrorPayload.message -> message
ErrorPayload.daemonProtocolVersion -> daemon_protocol_version
RawEnvelopeHead.protocolVersion -> protocol_version
RawEnvelopeHead.typeRaw -> type
RawEnvelopeHead.requestId -> request_id
RequestEnvelope.protocolVersion -> protocol_version
RequestEnvelope.type -> type
RequestEnvelope.requestId -> request_id
RequestEnvelope.payload -> payload
ResponseEnvelope.protocolVersion -> protocol_version
ResponseEnvelope.type -> type
ResponseEnvelope.requestId -> request_id
ResponseEnvelope.ok -> ok
ResponseEnvelope.payload -> payload
ResponseEnvelope.error -> error
AgentRegisterRequest.agentId -> agent_id
AgentRegisterRequest.role -> role
AgentRegisterRequest.methodology -> methodology
AgentRegisterRequest.workflowPhase -> workflow_phase
AgentRegisterRequest.agentType -> agent_type
AgentRegisterRequest.claudeSessionId -> claude_session_id
AgentRegisterRequest.claudeTurnId -> claude_turn_id
AgentRegisterResponse.registration -> registration
AgentRegisterResponse.created -> created
ArchApproveRequest.summaryUuid -> summary_uuid
ArchApproveRequest.expectedVersion -> expected_version
ArchDecideRequest.optionUuid -> option_uuid
ArchDecideRequest.expectedVersion -> expected_version
ArchDecideRequest.rationale -> rationale
ArchDecideResponse.summary -> summary
ArchDecideResponse.options -> options
ArchFieldAddRequest.persistenceChangeUuid -> persistence_change_uuid
ArchFieldAddRequest.fieldName -> field_name
ArchFieldAddRequest.dataType -> data_type
ArchFieldAddRequest.changeReason -> change_reason
ArchFieldAddRequest.changePurpose -> change_purpose
ArchFieldAddRequest.nullable -> nullable
ArchFieldAddRequest.isForeignKey -> is_foreign_key
ArchFieldAddRequest.fkTarget -> fk_target
ArchFieldAddRequest.isIndexed -> is_indexed
ArchFieldAddRequest.changeKind -> change_kind
ArchFieldAddRequest.renamedFrom -> renamed_from
ArchFieldAddRequest.dopePropertyRef -> dope_property_ref
ArchFieldAddResponse.field -> field
ArchGeneralAddRequest.summaryUuid -> summary_uuid
ArchGeneralAddRequest.filePath -> file_path
ArchGeneralAddRequest.className -> class_name
ArchGeneralAddRequest.reasonBrief -> reason_brief
ArchGeneralAddRequest.changeDepth -> change_depth
ArchGeneralAddRequest.changeCode -> change_code
ArchGeneralAddResponse.change -> change
ArchGetRequest.promptUuid -> prompt_uuid
ArchGetResponse.summary -> summary
ArchGetResponse.options -> options
ArchGetResponse.persistenceChanges -> persistence_changes
ArchGetResponse.generalChanges -> general_changes
ArchGetResponse.unplannedChanges -> unplanned_changes
ArchGetResponse.orderingRespected -> ordering_respected
ArchOpenRequest.promptUuid -> prompt_uuid
ArchOptionAddRequest.summaryUuid -> summary_uuid
ArchOptionAddRequest.agentName -> agent_name
ArchOptionAddRequest.agentId -> agent_id
ArchOptionAddRequest.body -> body
ArchOptionRowResponse.option -> option
ArchPersistAddRequest.summaryUuid -> summary_uuid
ArchPersistAddRequest.className -> class_name
ArchPersistAddRequest.filePath -> file_path
ArchPersistAddRequest.reasonBrief -> reason_brief
ArchPersistAddRequest.changeKind -> change_kind
ArchPersistAddRequest.dopeRef -> dope_ref
ArchPersistAddResponse.change -> change
ArchProposeRequest.summaryUuid -> summary_uuid
ArchProposeRequest.expectedVersion -> expected_version
ArchReviseRequest.summaryUuid -> summary_uuid
ArchReviseRequest.expectedVersion -> expected_version
ArchSummarizeRequest.summaryUuid -> summary_uuid
ArchSummarizeRequest.expectedVersion -> expected_version
ArchSummarizeRequest.body -> body
ArchSummaryResponse.summary -> summary
ArchSummaryResponse.created -> created
ArtifactAddRequest.promptUuid -> prompt_uuid
ArtifactAddRequest.filePath -> file_path
ArtifactAddRequest.note -> note
ArtifactListRequest.promptUuid -> prompt_uuid
ArtifactListResponse.artifacts -> artifacts
BackupResponse.backupPath -> backup_path
BackupResponse.sizeBytes -> size_bytes
BaseEntity.id -> id
BaseEntity.uuid -> uuid
BaseEntity.version -> version
BaseEntity.createdAt -> created_at
BaseEntity.updatedAt -> updated_at
BotGetRequest.promptUuid -> prompt_uuid
BotGetRequest.clientKey -> client_key
BotGetRequest.sessionUuid -> session_uuid
BotNextRequest.promptUuid -> prompt_uuid
BotNextRequest.clientKey -> client_key
BotNextRequest.sessionUuid -> session_uuid
BotNextResponse.workflow -> workflow
BotNextResponse.phase -> phase
BotNextResponse.instructions -> instructions
BotNextResponse.gateBlockers -> gate_blockers
BotNextResponse.uuids -> uuids
BotPhaseUuids.promptUuid -> prompt_uuid
BotPhaseUuids.sessionUuid -> session_uuid
BotPhaseUuids.briefingUuid -> briefing_uuid
BotPhaseUuids.clarificationSummaryUuid -> clarification_summary_uuid
BotPhaseUuids.carePackageUuid -> care_package_uuid
BotPhaseUuids.architectureSummaryUuid -> architecture_summary_uuid
BotPhaseUuids.reviewSummaryUuid -> review_summary_uuid
BotPhaseUuids.explorationSummaryUuids -> exploration_summary_uuids
BotWorkflowResponse.workflow -> workflow
BotWorkflowResponse.created -> created
BriefingCompleteRequest.briefingUuid -> briefing_uuid
BriefingCompleteRequest.expectedVersion -> expected_version
BriefingCompleteRequest.dopeRefs -> dope_refs
BriefingCompleteRequest.kbiteRefs -> kbite_refs
BriefingCompleteRequest.fileChangeRefs -> file_change_refs
BriefingCompleteRequest.agentId -> agent_id
BriefingGetRequest.briefingUuid -> briefing_uuid
BriefingGetRequest.promptUuid -> prompt_uuid
BriefingGetRequest.sessionUuid -> session_uuid
BriefingGetRequest.step -> step
BriefingGetRequest.clientKey -> client_key
BriefingGetResponse.briefing -> briefing
BriefingGetResponse.staleness -> staleness
BriefingListRequest.promptUuid -> prompt_uuid
BriefingListRequest.sessionUuid -> session_uuid
BriefingListResponse.briefings -> briefings
BriefingOpenRequest.promptUuid -> prompt_uuid
BriefingOpenRequest.sessionUuid -> session_uuid
BriefingOpenRequest.briefingForStep -> briefing_for_step
BriefingOpenRequest.clientKey -> client_key
BriefingRowResponse.briefing -> briefing
BriefingRowResponse.created -> created
BriefingStaleness.stampedRevision -> stamped_revision
BriefingStaleness.currentRevision -> current_revision
BriefingStaleness.drifted -> drifted
BriefingStaleness.ghostDotPaths -> ghost_dot_paths
BriefingStubRequest.agentType -> agent_type
BriefingStubRequest.sessionUuid -> session_uuid
BriefingStubRequest.clientKey -> client_key
BriefingStubResponse.stub -> stub
CarePackageCompleteRequest.packageUuid -> package_uuid
CarePackageCompleteRequest.expectedVersion -> expected_version
CarePackageCompleteRequest.clarifiedIntent -> clarified_intent
CarePackageGetRequest.promptUuid -> prompt_uuid
CarePackageOpenRequest.summaryUuid -> summary_uuid
CarePackageRefAddRequest.packageUuid -> package_uuid
CarePackageRefAddRequest.kind -> kind
CarePackageRefAddRequest.dopeCode -> dope_code
CarePackageRefAddRequest.note -> note
CarePackageRefAddRequest.kbiteFileUuid -> kbite_file_uuid
CarePackageRefAddRequest.curatedTitle -> curated_title
CarePackageRefAddRequest.curatedBody -> curated_body
CarePackageRefAddRequest.filePath -> file_path
CarePackageRefAddRequest.sourceFindingUuid -> source_finding_uuid
CarePackageResponse.package -> package
CarePackageResponse.created -> created
CarePackageStaleness.stampedRevision -> stamped_revision
CarePackageStaleness.currentRevision -> current_revision
CarePackageStaleness.drifted -> drifted
CarePackageStaleness.ghostDotPaths -> ghost_dot_paths
CatalogSearchRequest.query -> query
CatalogSearchRequest.projectUuid -> project_uuid
CatalogSearchRequest.limit -> limit
CatalogSearchResponse.instances -> instances
CatalogSearchResponse.sessions -> sessions
ChangeRange.lineStart -> line_start
ChangeRange.lineEnd -> line_end
ChangeRange.changedContent -> changed_content
ClarifyAnswerRequest.questionUuid -> question_uuid
ClarifyAnswerRequest.expectedVersion -> expected_version
ClarifyAnswerRequest.answerText -> answer_text
ClarifyAnswerRequest.selectedOptionUuids -> selected_option_uuids
ClarifyAnswerRequest.skip -> skip
ClarifyFinalizeRequest.summaryUuid -> summary_uuid
ClarifyFinalizeRequest.expectedVersion -> expected_version
ClarifyFinalizeResponse.summary -> summary
ClarifyGetRequest.promptUuid -> prompt_uuid
ClarifyGetResponse.summary -> summary
ClarifyGetResponse.questions -> questions
ClarifyGetResponse.notes -> notes
ClarifyGetResponse.carePackage -> care_package
ClarifyGetResponse.carePackageStaleness -> care_package_staleness
ClarifyNoteAddRequest.summaryUuid -> summary_uuid
ClarifyNoteAddRequest.body -> body
ClarifyNoteAddRequest.confusedEntityUuid -> confused_entity_uuid
ClarifyNoteAddRequest.confusedEntityType -> confused_entity_type
ClarifyNoteAddRequest.weight -> weight
ClarifyNoteAddRequest.questionUuid -> question_uuid
ClarifyNoteAddRequest.agentName -> agent_name
ClarifyNoteAddRequest.agentId -> agent_id
ClarifyNoteRowResponse.note -> note
ClarifyOpenRequest.promptUuid -> prompt_uuid
ClarifyQuestionAddRequest.summaryUuid -> summary_uuid
ClarifyQuestionAddRequest.question -> question
ClarifyQuestionAddRequest.options -> options
ClarifyQuestionAddRequest.agentName -> agent_name
ClarifyQuestionAddRequest.agentId -> agent_id
ClarifyQuestionRowResponse.question -> question
ClarifyReopenRequest.summaryUuid -> summary_uuid
ClarifyReopenRequest.expectedVersion -> expected_version
ClarifySealRequest.summaryUuid -> summary_uuid
ClarifySealRequest.expectedVersion -> expected_version
ClarifySummaryResponse.summary -> summary
ClarifySummaryResponse.created -> created
ConfigSetRequest.key -> key
ConfigSetRequest.value -> value
ConfigSetResponse.key -> key
ConfigSetResponse.value -> value
ContextEnsureRequest.project -> project
ContextEnsureRequest.instance -> instance
ContextEnsureRequest.session -> session
ContextEnsureRequest.claudeSessionId -> claude_session_id
ContextEnsureResponse.projectUuid -> project_uuid
ContextEnsureResponse.instanceUuid -> instance_uuid
ContextEnsureResponse.sessionUuid -> session_uuid
ContextEnsureResponse.createdProject -> created_project
ContextEnsureResponse.createdInstance -> created_instance
ContextEnsureResponse.createdSession -> created_session
ContextGetRequest.projectCode -> project_code
ContextGetRequest.instanceName -> instance_name
ContextGetRequest.sessionCode -> session_code
ContextGetResponse.projectUuid -> project_uuid
ContextGetResponse.instanceUuid -> instance_uuid
ContextGetResponse.sessionUuid -> session_uuid
ContextGetResponse.kbiteCodes -> kbite_codes
DiagramBatchApplyRequest.diagramUuid -> diagram_uuid
DiagramBatchApplyRequest.expectedRevision -> expected_revision
DiagramBatchApplyRequest.mutations -> mutations
DiagramBatchApplyResponse.diagramUuid -> diagram_uuid
DiagramBatchApplyResponse.revision -> revision
DiagramBatchApplyResponse.results -> results
DiagramDeleteRequest.diagramUuid -> diagram_uuid
DiagramDeleteRequest.expectedRevision -> expected_revision
DiagramDeleteResponse.deletedUuid -> deleted_uuid
DiagramDeleteResponse.code -> code
DiagramDeleteResponse.cascadedElements -> cascaded_elements
DiagramDeleteResponse.ownerStoragePath -> owner_storage_path
DiagramDeleteResponse.gmccDiagramPath -> gmcc_diagram_path
DiagramGetRequest.diagramUuid -> diagram_uuid
DiagramGetRequest.projectUuid -> project_uuid
DiagramGetRequest.instanceUuid -> instance_uuid
DiagramGetRequest.sessionUuid -> session_uuid
DiagramGetRequest.promptUuid -> prompt_uuid
DiagramGetRequest.code -> code
DiagramIngestRequest.sessionUuid -> session_uuid
DiagramIngestResponse.ingested -> ingested
DiagramIngestResponse.skipped -> skipped
DiagramIngestResponse.warnings -> warnings
DiagramIngestResponse.root -> root
DiagramInitRequest.projectUuid -> project_uuid
DiagramInitRequest.instanceUuid -> instance_uuid
DiagramInitRequest.sessionUuid -> session_uuid
DiagramInitRequest.promptUuid -> prompt_uuid
DiagramInitRequest.code -> code
DiagramInitRequest.name -> name
DiagramInitRequest.description -> description
DiagramInitRequest.gmccDiagramPath -> gmcc_diagram_path
DiagramInitRequest.dopeScopeCode -> dope_scope_code
DiagramListRequest.projectUuid -> project_uuid
DiagramListRequest.instanceUuid -> instance_uuid
DiagramListRequest.sessionUuid -> session_uuid
DiagramListRequest.promptUuid -> prompt_uuid
DiagramListRequest.visibility -> visibility
DiagramListResponse.diagrams -> diagrams
DiagramNodeAddRequest.diagramUuid -> diagram_uuid
DiagramNodeAddRequest.add -> add
DiagramNodeDeleteRequest.delete -> delete
DiagramNodeDeleteResponse.deletedUuid -> deleted_uuid
DiagramNodeDeleteResponse.cascadedElements -> cascaded_elements
DiagramNodeDeleteResponse.diagramUuid -> diagram_uuid
DiagramNodeDeleteResponse.revision -> revision
DiagramNodeResponse.uuid -> uuid
DiagramNodeResponse.version -> version
DiagramNodeResponse.diagramUuid -> diagram_uuid
DiagramNodeResponse.revision -> revision
DiagramNodeUpdateRequest.update -> update
DiagramResponse.diagram -> diagram
DiagramResponse.created -> created
DiagramSearchRequest.projectUuid -> project_uuid
DiagramSearchRequest.sessionUuid -> session_uuid
DiagramSearchRequest.query -> query
DiagramSearchRequest.visibility -> visibility
DiagramSearchRequest.limit -> limit
DiagramSearchResponse.diagrams -> diagrams
DiagramWriteRepoRequest.sessionUuid -> session_uuid
DiagramWriteRepoRequest.force -> force
DiagramWriteRepoResponse.written -> written
DiagramWriteRepoResponse.pruned -> pruned
DiagramWriteRepoResponse.root -> root
DopeCogAddRequest.scopeUuid -> scope_uuid
DopeCogAddRequest.code -> code
DopeCogAddRequest.name -> name
DopeCogAddRequest.description -> description
DopeCogAddRequest.sortOrder -> sort_order
DopeCogDeleteRequest.uuid -> uuid
DopeCogDeleteRequest.expectedVersion -> expected_version
DopeCogDeleteRequest.soft -> soft
DopeCogDeleteResponse.deletedUuid -> deleted_uuid
DopeCogDeleteResponse.cascadedElements -> cascaded_elements
DopeCogDeleteResponse.scopeUuid -> scope_uuid
DopeCogDeleteResponse.revision -> revision
DopeCogElementAddRequest.cogUuid -> cog_uuid
DopeCogElementAddRequest.elementType -> element_type
DopeCogElementAddRequest.code -> code
DopeCogElementAddRequest.name -> name
DopeCogElementAddRequest.description -> description
DopeCogElementAddRequest.sortOrder -> sort_order
DopeCogElementAddRequest.parentElementUuid -> parent_element_uuid
DopeCogElementAddRequest.dopeScopeCode -> dope_scope_code
DopeCogElementAddRequest.primaryPath -> primary_path
DopeCogElementAddRequest.dopePersistenceCode -> dope_persistence_code
DopeCogElementDeleteRequest.uuid -> uuid
DopeCogElementDeleteRequest.expectedVersion -> expected_version
DopeCogElementDeleteRequest.soft -> soft
DopeCogElementNode.uuid -> uuid
DopeCogElementNode.version -> version
DopeCogElementNode.elementType -> element_type
DopeCogElementNode.code -> code
DopeCogElementNode.name -> name
DopeCogElementNode.description -> description
DopeCogElementNode.sortOrder -> sort_order
DopeCogElementNode.parentElementUuid -> parent_element_uuid
DopeCogElementNode.dopeScopeCode -> dope_scope_code
DopeCogElementNode.primaryPath -> primary_path
DopeCogElementNode.dopePersistenceCode -> dope_persistence_code
DopeCogElementNode.deletedOn -> deleted_on
DopeCogElementResponse.element -> element
DopeCogElementResponse.revision -> revision
DopeCogElementUpdateRequest.uuid -> uuid
DopeCogElementUpdateRequest.expectedVersion -> expected_version
DopeCogElementUpdateRequest.code -> code
DopeCogElementUpdateRequest.name -> name
DopeCogElementUpdateRequest.description -> description
DopeCogElementUpdateRequest.sortOrder -> sort_order
DopeCogElementUpdateRequest.dopeScopeCode -> dope_scope_code
DopeCogElementUpdateRequest.clearDopeScopeCode -> clear_dope_scope_code
DopeCogElementUpdateRequest.primaryPath -> primary_path
DopeCogGetRequest.scopeUuid -> scope_uuid
DopeCogGetRequest.code -> code
DopeCogGetResponse.cogs -> cogs
DopeCogNode.uuid -> uuid
DopeCogNode.version -> version
DopeCogNode.code -> code
DopeCogNode.name -> name
DopeCogNode.description -> description
DopeCogNode.sortOrder -> sort_order
DopeCogNode.deletedOn -> deleted_on
DopeCogNode.elements -> elements
DopeCogResponse.cog -> cog
DopeCogResponse.revision -> revision
DopeCogUpdateRequest.uuid -> uuid
DopeCogUpdateRequest.expectedVersion -> expected_version
DopeCogUpdateRequest.code -> code
DopeCogUpdateRequest.name -> name
DopeCogUpdateRequest.description -> description
DopeCogUpdateRequest.sortOrder -> sort_order
DopeGetResponse.tree -> tree
DopeGetResponse.resolvedVia -> resolved_via
DopeGetResponse.resolutions -> resolutions
DopeGetResponse.hidden -> hidden
DopeGetResponse.warnings -> warnings
DopeGetResponse.areaVersions -> area_versions
DopeIngestRequest.scopeUuid -> scope_uuid
DopeIngestRequest.dirPath -> dir_path
DopeIngestRequest.adopt -> adopt
DopeIngestResponse.scope -> scope
DopeIngestResponse.counts -> counts
DopeIngestResponse.previousRevision -> previous_revision
DopeIngestResponse.gapCrossed -> gap_crossed
DopeInitRequest.sessionUuid -> session_uuid
DopeInitRequest.promptUuid -> prompt_uuid
DopeInitRequest.code -> code
DopeInitRequest.name -> name
DopeInitRequest.description -> description
DopeInitRequest.cloneFromSessionBase -> clone_from_session_base
DopeListRequest.sessionUuid -> session_uuid
DopeListRequest.promptUuid -> prompt_uuid
DopeListResponse.scopes -> scopes
DopeMergeOutcomeRow.dotPath -> dot_path
DopeMergeOutcomeRow.kind -> kind
DopeMergeOutcomeRow.decision -> decision
DopeMergePlanRequest.scopeUuid -> scope_uuid
DopeMergePlanResponse.outcomes -> outcomes
DopeMergePlanResponse.conflictCount -> conflict_count
DopeNodeAddRequest.level -> level
DopeNodeAddRequest.parentUuid -> parent_uuid
DopeNodeAddRequest.fields -> fields
DopeNodeDeleteRequest.level -> level
DopeNodeDeleteRequest.nodeUuid -> node_uuid
DopeNodeDeleteRequest.expectedVersion -> expected_version
DopeNodeDeleteRequest.soft -> soft
DopeNodeDeleteResponse.deletedUuid -> deleted_uuid
DopeNodeDeleteResponse.cascaded -> cascaded
DopeNodeDeleteResponse.scopeUuid -> scope_uuid
DopeNodeDeleteResponse.revision -> revision
DopeNodeFields.code -> code
DopeNodeFields.name -> name
DopeNodeFields.description -> description
DopeNodeFields.sortOrder -> sort_order
DopeNodeFields.entityType -> entity_type
DopeNodeFields.repoRepresentativeFile -> repo_representative_file
DopeNodeFields.baseComposableUuid -> base_composable_uuid
DopeNodeFields.dataType -> data_type
DopeNodeFields.nullable -> nullable
DopeNodeFields.isUnique -> is_unique
DopeNodeFields.autoIncrement -> auto_increment
DopeNodeFields.textCharLimit -> text_char_limit
DopeNodeFields.enumUuid -> enum_uuid
DopeNodeFields.relationshipTargetUuid -> relationship_target_uuid
DopeNodeFields.baseOriginPropertyUuid -> base_origin_property_uuid
DopeNodeFields.clearRepoRepresentativeFile -> clear_repo_representative_file
DopeNodeFields.clearBaseComposable -> clear_base_composable
DopeNodeFields.clearBaseOrigin -> clear_base_origin
DopeNodeFields.clearAutoIncrement -> clear_auto_increment
DopeNodeFields.clearTextCharLimit -> clear_text_char_limit
DopeNodeFields.clearEnum -> clear_enum
DopeNodeFields.clearRelationshipTarget -> clear_relationship_target
DopeNodeResponse.level -> level
DopeNodeResponse.uuid -> uuid
DopeNodeResponse.version -> version
DopeNodeResponse.scopeUuid -> scope_uuid
DopeNodeResponse.revision -> revision
DopeNodeUpdateRequest.level -> level
DopeNodeUpdateRequest.nodeUuid -> node_uuid
DopeNodeUpdateRequest.expectedVersion -> expected_version
DopeNodeUpdateRequest.fields -> fields
DopePromoteRequest.sessionUuid -> session_uuid
DopePromoteRequest.code -> code
DopePromoteRequest.dryRun -> dry_run
DopePromoteResponse.promoted -> promoted
DopePromoteResponse.skipped -> skipped
DopePromoteResponse.detail -> detail
DopePromotedScope.code -> code
DopePromotedScope.baseScopeUuid -> base_scope_uuid
DopePromotedScope.fromRevision -> from_revision
DopePromotedScope.toRevision -> to_revision
DopePromotedScope.counts -> counts
DopeReadRepoRequest.scopeUuid -> scope_uuid
DopeReadRepoRequest.dirPath -> dir_path
DopeReadRepoResponse.bundle -> bundle
DopeReadRepoResponse.onDiskRevision -> on_disk_revision
DopeReadRepoResponse.dbRevision -> db_revision
DopeReadRepoResponse.drift -> drift
DopeReadRepoResponse.warnings -> warnings
DopeResolveRequest.scopeUuid -> scope_uuid
DopeResolveRequest.dotPath -> dot_path
DopeResolveRequest.takeOurs -> take_ours
DopeResolveResponse.resolved -> resolved
DopeResolveResponse.takeOurs -> take_ours
DopeScopeResponse.scope -> scope
DopeScopeResponse.created -> created
DopeSearchHit.kind -> kind
DopeSearchHit.subjectUuid -> subject_uuid
DopeSearchHit.scopeUuid -> scope_uuid
DopeSearchHit.scopeCode -> scope_code
DopeSearchHit.scopeType -> scope_type
DopeSearchHit.path -> path
DopeSearchHit.title -> title
DopeSearchHit.excerpt -> excerpt
DopeSearchHit.score -> score
DopeSearchHit.origin -> origin
DopeSearchRequest.query -> query
DopeSearchRequest.scope -> scope
DopeSearchRequest.sessionUuid -> session_uuid
DopeSearchRequest.promptUuid -> prompt_uuid
DopeSearchRequest.projectUuid -> project_uuid
DopeSearchRequest.onlyMasks -> only_masks
DopeSearchRequest.limit -> limit
DopeSearchResponse.hits -> hits
DopeWriteRepoRequest.scopeUuid -> scope_uuid
DopeWriteRepoRequest.force -> force
DopeWriteRepoResponse.dopeRoot -> dope_root
DopeWriteRepoResponse.filesWritten -> files_written
DopeWriteRepoResponse.filesPruned -> files_pruned
DopeWriteRepoResponse.revision -> revision
EventListRequest.kind -> kind
EventListRequest.subjectUuid -> subject_uuid
EventListRequest.sinceId -> since_id
EventListRequest.sinceTime -> since_time
EventListRequest.untilTime -> until_time
EventListRequest.limit -> limit
EventListResponse.events -> events
EventNotification.id -> id
EventNotification.kind -> kind
EventNotification.subjectUuid -> subject_uuid
EventNotification.payload -> payload
EventNotification.createdAt -> created_at
ExploreCompleteRequest.summaryUuid -> summary_uuid
ExploreCompleteRequest.expectedVersion -> expected_version
ExploreCompleteRequest.overview -> overview
ExploreFindingAddRequest.summaryUuid -> summary_uuid
ExploreFindingAddRequest.kind -> kind
ExploreFindingAddRequest.title -> title
ExploreFindingAddRequest.body -> body
ExploreFindingAddRequest.filePath -> file_path
ExploreFindingAddRequest.agentName -> agent_name
ExploreFindingAddRequest.agentId -> agent_id
ExploreFindingAddRequest.rating -> rating
ExploreFindingRowResponse.finding -> finding
ExploreGetRequest.promptUuid -> prompt_uuid
ExploreGetRequest.agentType -> agent_type
ExploreGetRequest.full -> full
ExploreGetRequest.ratingMin -> rating_min
ExploreGetRequest.ratingMax -> rating_max
ExploreGetResponse.summaries -> summaries
ExploreGetResponse.keyFiles -> key_files
ExploreGetResponse.findings -> findings
ExploreGetResponse.findingStubs -> finding_stubs
ExploreKeyFileAddRequest.summaryUuid -> summary_uuid
ExploreKeyFileAddRequest.filePath -> file_path
ExploreKeyFileAddResponse.keyFile -> key_file
ExploreKeyFileAddResponse.created -> created
ExploreOpenRequest.promptUuid -> prompt_uuid
ExploreOpenRequest.agentType -> agent_type
ExploreOpenRequest.agentId -> agent_id
ExploreRankRequest.promptUuid -> prompt_uuid
ExploreRankRequest.ratings -> ratings
ExploreRankResponse.promptUuid -> prompt_uuid
ExploreRankResponse.updatedCount -> updated_count
ExploreRankResponse.unrankedCount -> unranked_count
ExploreReopenRequest.summaryUuid -> summary_uuid
ExploreReopenRequest.expectedVersion -> expected_version
ExploreSummaryResponse.summary -> summary
ExploreSummaryResponse.created -> created
FileChangeAdd.project -> project
FileChangeAdd.instance -> instance
FileChangeAdd.session -> session
FileChangeAdd.promptUuid -> prompt_uuid
FileChangeAdd.relativePath -> relative_path
FileChangeAdd.changeKind -> change_kind
FileChangeAdd.ranges -> ranges
FileChangeAdd.autoAttribute -> auto_attribute
FileChangeAdd.agentId -> agent_id
FileChangeAdd.agentName -> agent_name
FileChangeAdd.origin -> origin
FileChangeAdd.claudeSessionId -> claude_session_id
FileChangeAdd.claudeTurnId -> claude_turn_id
FileChangeAdd.toolUseId -> tool_use_id
FileChangeAdd.toolName -> tool_name
FileChangeAdd.agentType -> agent_type
FileChangeAdd.permissionMode -> permission_mode
FileChangeAdd.durationMs -> duration_ms
FileChangeAdd.transcriptPath -> transcript_path
FileChangeAddResponse.sessionFileUuid -> session_file_uuid
FileChangeAddResponse.fileChangeUuid -> file_change_uuid
FileChangeAddResponse.rangeUuids -> range_uuids
FileChangeAddResponse.deduplicated -> deduplicated
FileChangeListRequest.sessionUuid -> session_uuid
FileChangeListRequest.promptUuid -> prompt_uuid
FileChangeListRequest.relativePath -> relative_path
FileChangeListRequest.limit -> limit
FileChangeListResponse.changes -> changes
FindingRating.findingUuid -> finding_uuid
FindingRating.rating -> rating
Hello.clientName -> client_name
Hello.pid -> pid
HelloAck.daemonPid -> daemon_pid
HelloAck.protocolVersion -> protocol_version
InstanceContext.code -> code
InstanceContext.name -> name
InstanceContext.absoluteFileSystemPath -> absolute_file_system_path
InstanceContext.ckfsRelativeStoragePath -> ckfs_relative_storage_path
InstanceContext.uuid -> uuid
InstanceContext.kbiteCodes -> kbite_codes
InstanceCurrentSessionRequest.instanceUuid -> instance_uuid
InstanceCurrentSessionResponse.session -> session
InstanceCurrentSessionResponse.headState -> head_state
InstanceCurrentSessionResponse.currentSessionCode -> current_session_code
InstanceCurrentSessionResponse.currentBranch -> current_branch
InstanceListRequest.projectUuid -> project_uuid
InstanceListResponse.instances -> instances
KbiteAddRequest.scope -> scope
KbiteAddRequest.ownerUuid -> owner_uuid
KbiteAddRequest.code -> code
KbiteAddResponse.kbiteUuid -> kbite_uuid
KbiteAddResponse.code -> code
KbiteAddResponse.added -> added
KbiteDeleteRequest.code -> code
KbiteDeleteResponse.kbiteUuid -> kbite_uuid
KbiteDeleteResponse.code -> code
KbiteDeleteResponse.deletedResources -> deleted_resources
KbiteDeleteResponse.deletedFiles -> deleted_files
KbiteDeleteResponse.deletedRegistrations -> deleted_registrations
KbiteDeleteResponse.gcKeywordCount -> gc_keyword_count
KbiteDigestRequest.code -> code
KbiteDigestRequest.kbiteOpenPath -> kbite_open_path
KbiteDigestResponse.kbiteUuid -> kbite_uuid
KbiteDigestResponse.resourceCount -> resource_count
KbiteDigestResponse.fileCount -> file_count
KbiteDigestResponse.keywordCount -> keyword_count
KbiteDigestResponse.deletedChewedFiles -> deleted_chewed_files
KbiteExportRequest.code -> code
KbiteExportRequest.dbExportPath -> db_export_path
KbiteExportRequest.anonymize -> anonymize
KbiteExportResponse.kbiteUuid -> kbite_uuid
KbiteExportResponse.code -> code
KbiteExportResponse.resourceCount -> resource_count
KbiteExportResponse.fileCount -> file_count
KbiteExportResponse.kbiteKeywordCount -> kbite_keyword_count
KbiteExportResponse.fileKeywordCount -> file_keyword_count
KbiteExportResponse.dbExportPath -> db_export_path
KbiteFileGetRequest.fileUuid -> file_uuid
KbiteFileGetResponse.file -> file
KbiteGetRequest.code -> code
KbiteGetResponse.kbite -> kbite
KbiteGetResponse.resources -> resources
KbiteGetResponse.keywords -> keywords
KbiteImportRequest.dbExportPath -> db_export_path
KbiteImportRequest.onCollision -> on_collision
KbiteImportRequest.rehydrate -> rehydrate
KbiteImportResponse.kbiteUuid -> kbite_uuid
KbiteImportResponse.code -> code
KbiteImportResponse.imported -> imported
KbiteImportResponse.skippedExisting -> skipped_existing
KbiteImportResponse.resourceCount -> resource_count
KbiteImportResponse.fileCount -> file_count
KbiteImportResponse.keywordCount -> keyword_count
KbiteKeywordTagRequest.level -> level
KbiteKeywordTagRequest.targetUuid -> target_uuid
KbiteKeywordTagRequest.keywords -> keywords
KbiteKeywordTagRequest.detach -> detach
KbiteKeywordTagResponse.attached -> attached
KbiteKeywordTagResponse.detached -> detached
KbiteListRequest.scope -> scope
KbiteListRequest.ownerUuid -> owner_uuid
KbiteListRequest.all -> all
KbiteListResponse.kbites -> kbites
KbiteMawOpenRequest.kbiteName -> kbite_name
KbiteMawOpenRequest.mawPath -> maw_path
KbiteMawOpenResponse.mawPath -> maw_path
KbiteMawOpenResponse.createdDirs -> created_dirs
KbiteMawOpenResponse.createdIndex -> created_index
KbiteRemoveRequest.scope -> scope
KbiteRemoveRequest.ownerUuid -> owner_uuid
KbiteRemoveRequest.code -> code
KbiteRemoveResponse.removed -> removed
KbiteSearchRequest.query -> query
KbiteSearchRequest.kbiteUuids -> kbite_uuids
KbiteSearchRequest.limit -> limit
KbiteSearchResponse.hits -> hits
PathsGetResponse.gmccRoot -> gmcc_root
PathsGetResponse.dbPath -> db_path
PathsGetResponse.socketPath -> socket_path
PathsGetResponse.backupsRoot -> backups_root
PathsGetResponse.ckfsRoot -> ckfs_root
PathsGetResponse.kbiteRoot -> kbite_root
PathsGetResponse.kbiteOpenRoot -> kbite_open_root
PathsGetResponse.kbiteDigestedRoot -> kbite_digested_root
PingResponse.daemonPid -> daemon_pid
PingResponse.protocolVersion -> protocol_version
PingResponse.buildSha -> build_sha
PingResponse.buildDate -> build_date
PingResponse.startedAt -> started_at
PingResponse.uptimeSeconds -> uptime_seconds
ProjectContext.gitRepoName -> git_repo_name
ProjectContext.code -> code
ProjectContext.name -> name
ProjectContext.ckfsRelativeStoragePath -> ckfs_relative_storage_path
ProjectContext.uuid -> uuid
ProjectContext.kbiteCodes -> kbite_codes
ProjectListResponse.projects -> projects
ProjectResponse.project -> project
ProjectUpdateRequest.projectUuid -> project_uuid
ProjectUpdateRequest.expectedVersion -> expected_version
ProjectUpdateRequest.primaryProjectBranch -> primary_project_branch
PromptCreateRequest.sessionUuid -> session_uuid
PromptCreateRequest.uuid -> uuid
PromptCreateRequest.code -> code
PromptCreateRequest.name -> name
PromptCreateRequest.backstory -> backstory
PromptCreateRequest.goal -> goal
PromptCreateRequest.detail -> detail
PromptCreateRequest.command -> command
PromptCreateRequest.ckfsRelativeStoragePath -> ckfs_relative_storage_path
PromptDiagramGetRequest.promptUuid -> prompt_uuid
PromptDiagramGetRequest.diagramUuid -> diagram_uuid
PromptDiagramListRequest.promptUuid -> prompt_uuid
PromptDiagramListResponse.qualifications -> qualifications
PromptDiagramQualifyRequest.promptUuid -> prompt_uuid
PromptDiagramQualifyRequest.diagramUuid -> diagram_uuid
PromptDiagramQualifyRequest.renderedPath -> rendered_path
PromptDiagramQualifyRequest.renderedRevision -> rendered_revision
PromptDiagramQualifyRequest.renderFingerprint -> render_fingerprint
PromptDiagramQualifyRequest.qualification -> qualification
PromptGetRequest.promptUuid -> prompt_uuid
PromptGetResponse.prompt -> prompt
PromptGetResponse.artifacts -> artifacts
PromptGetResponse.kbiteCodes -> kbite_codes
PromptGetResponse.changeSummary -> change_summary
PromptListRequest.sessionUuid -> session_uuid
PromptListRequest.withReports -> with_reports
PromptListResponse.prompts -> prompts
PromptQualifiedDiagramRow.uuid -> uuid
PromptQualifiedDiagramRow.promptUuid -> prompt_uuid
PromptQualifiedDiagramRow.diagramUuid -> diagram_uuid
PromptQualifiedDiagramRow.renderedPath -> rendered_path
PromptQualifiedDiagramRow.renderedRevision -> rendered_revision
PromptQualifiedDiagramRow.renderFingerprint -> render_fingerprint
PromptQualifiedDiagramRow.qualification -> qualification
PromptQualifiedDiagramRow.version -> version
PromptQualifiedDiagramRow.createdAt -> created_at
PromptQualifiedDiagramRow.updatedAt -> updated_at
PromptResumeRequest.promptUuid -> prompt_uuid
PromptResumeRequest.variant -> variant
PromptResumeRequest.clientKey -> client_key
PromptSetStatusRequest.promptUuid -> prompt_uuid
PromptSetStatusRequest.expectedVersion -> expected_version
PromptSetStatusRequest.status -> status
PromptSetStatusRequest.clientKey -> client_key
PromptStartRequest.promptUuid -> prompt_uuid
PromptStartRequest.variant -> variant
PromptStartRequest.clientKey -> client_key
PromptUpdateContentRequest.promptUuid -> prompt_uuid
PromptUpdateContentRequest.expectedVersion -> expected_version
PromptUpdateContentRequest.backstory -> backstory
PromptUpdateContentRequest.goal -> goal
PromptUpdateContentRequest.detail -> detail
ReviewCompleteRequest.summaryUuid -> summary_uuid
ReviewCompleteRequest.expectedVersion -> expected_version
ReviewCompleteRequest.overview -> overview
ReviewCompleteRequest.verdict -> verdict
ReviewFindingAddRequest.summaryUuid -> summary_uuid
ReviewFindingAddRequest.kind -> kind
ReviewFindingAddRequest.title -> title
ReviewFindingAddRequest.body -> body
ReviewFindingAddRequest.filePath -> file_path
ReviewFindingAddRequest.lineStart -> line_start
ReviewFindingAddRequest.lineEnd -> line_end
ReviewFindingAddRequest.agentName -> agent_name
ReviewFindingAddRequest.agentId -> agent_id
ReviewFindingAddRequest.rating -> rating
ReviewFindingRowResponse.finding -> finding
ReviewGetRequest.promptUuid -> prompt_uuid
ReviewGetRequest.full -> full
ReviewGetRequest.ratingMin -> rating_min
ReviewGetRequest.ratingMax -> rating_max
ReviewGetResponse.summary -> summary
ReviewGetResponse.findings -> findings
ReviewGetResponse.findingStubs -> finding_stubs
ReviewOpenRequest.promptUuid -> prompt_uuid
ReviewRankRequest.summaryUuid -> summary_uuid
ReviewRankRequest.ratings -> ratings
ReviewRankResponse.summary -> summary
ReviewRankResponse.updatedCount -> updated_count
ReviewRankResponse.unrankedCount -> unranked_count
ReviewReopenRequest.summaryUuid -> summary_uuid
ReviewReopenRequest.expectedVersion -> expected_version
ReviewResolveRequest.findingUuid -> finding_uuid
ReviewResolveRequest.expectedVersion -> expected_version
ReviewResolveRequest.status -> status
ReviewSummaryResponse.summary -> summary
ReviewSummaryResponse.created -> created
SearchRequest.query -> query
SearchRequest.sessionUuid -> session_uuid
SearchRequest.kinds -> kinds
SearchRequest.limit -> limit
SearchResponse.hits -> hits
SessionContext.code -> code
SessionContext.name -> name
SessionContext.backstory -> backstory
SessionContext.goal -> goal
SessionContext.ckfsRelativeStoragePath -> ckfs_relative_storage_path
SessionContext.uuid -> uuid
SessionContext.kbiteCodes -> kbite_codes
SessionGetRequest.sessionUuid -> session_uuid
SessionGetResponse.session -> session
SessionGetResponse.prompts -> prompts
SessionGetResponse.changeSummary -> change_summary
SessionGetResponse.promptChanges -> prompt_changes
SessionListRequest.instanceUuid -> instance_uuid
SessionListResponse.sessions -> sessions
SessionResolveRequest.sessionUuid -> session_uuid
SessionResolveResponse.session -> session
SessionResolveResponse.checkedOut -> checked_out
SessionResolveResponse.headState -> head_state
SessionResolveResponse.currentSessionCode -> current_session_code
SessionResolveResponse.currentBranch -> current_branch
SessionUpdateRequest.sessionUuid -> session_uuid
SessionUpdateRequest.expectedVersion -> expected_version
SessionUpdateRequest.name -> name
SessionUpdateRequest.backstory -> backstory
SessionUpdateRequest.goal -> goal
SessionUpdateRequest.activePromptUuid -> active_prompt_uuid
SessionUpdateRequest.clearActivePrompt -> clear_active_prompt
SessionUpdateRequest.clientKey -> client_key
ShutdownResponse.message -> message
StatusResponse.daemonPid -> daemon_pid
StatusResponse.protocolVersion -> protocol_version
StatusResponse.socketPath -> socket_path
StatusResponse.dbPath -> db_path
StatusResponse.schemaVersion -> schema_version
StatusResponse.tableCounts -> table_counts
StatusResponse.lastEventId -> last_event_id
StatusResponse.startedAt -> started_at
StatusResponse.uptimeSeconds -> uptime_seconds
Subscribe.sinceId -> since_id
SubscribeAck.lastEventId -> last_event_id
SubscribeAck.replayCount -> replay_count
TableCount.name -> name
TableCount.count -> count
AgentBriefingDopeRefRow.uuid -> uuid
AgentBriefingDopeRefRow.dopeCode -> dope_code
AgentBriefingDopeRefRow.brief -> brief
AgentBriefingDopeRefRow.seq -> seq
AgentBriefingFileChangeRefRow.uuid -> uuid
AgentBriefingFileChangeRefRow.fileChangeUuid -> file_change_uuid
AgentBriefingFileChangeRefRow.seq -> seq
AgentBriefingKbiteRefRow.uuid -> uuid
AgentBriefingKbiteRefRow.kbiteResourceFileUuid -> kbite_resource_file_uuid
AgentBriefingKbiteRefRow.brief -> brief
AgentBriefingKbiteRefRow.seq -> seq
AgentBriefingRow.uuid -> uuid
AgentBriefingRow.version -> version
AgentBriefingRow.sessionUuid -> session_uuid
AgentBriefingRow.promptUuid -> prompt_uuid
AgentBriefingRow.briefingForStep -> briefing_for_step
AgentBriefingRow.status -> status
AgentBriefingRow.agentId -> agent_id
AgentBriefingRow.dopeScopeUuid -> dope_scope_uuid
AgentBriefingRow.dopeScopeRevision -> dope_scope_revision
AgentBriefingRow.dopeRefs -> dope_refs
AgentBriefingRow.kbiteRefs -> kbite_refs
AgentBriefingRow.fileChangeRefs -> file_change_refs
AgentBriefingRow.createdAt -> created_at
AgentBriefingRow.updatedAt -> updated_at
AgentRegistrationRow.uuid -> uuid
AgentRegistrationRow.version -> version
AgentRegistrationRow.agentId -> agent_id
AgentRegistrationRow.claudeSessionId -> claude_session_id
AgentRegistrationRow.claudeTurnId -> claude_turn_id
AgentRegistrationRow.sessionUuid -> session_uuid
AgentRegistrationRow.promptUuid -> prompt_uuid
AgentRegistrationRow.agentType -> agent_type
AgentRegistrationRow.role -> role
AgentRegistrationRow.methodology -> methodology
AgentRegistrationRow.workflowPhase -> workflow_phase
AgentRegistrationRow.createdAt -> created_at
AgentRegistrationRow.updatedAt -> updated_at
ArchGeneralChangeRow.uuid -> uuid
ArchGeneralChangeRow.seq -> seq
ArchGeneralChangeRow.filePath -> file_path
ArchGeneralChangeRow.className -> class_name
ArchGeneralChangeRow.reasonBrief -> reason_brief
ArchGeneralChangeRow.changeDepth -> change_depth
ArchGeneralChangeRow.changeCode -> change_code
ArchGeneralChangeRow.implementation -> implementation
ArchPersistenceChangeRow.uuid -> uuid
ArchPersistenceChangeRow.seq -> seq
ArchPersistenceChangeRow.className -> class_name
ArchPersistenceChangeRow.filePath -> file_path
ArchPersistenceChangeRow.reasonBrief -> reason_brief
ArchPersistenceChangeRow.changeKind -> change_kind
ArchPersistenceChangeRow.dopeRef -> dope_ref
ArchPersistenceChangeRow.fields -> fields
ArchPersistenceChangeRow.implementation -> implementation
ArchPersistenceFieldChangeRow.uuid -> uuid
ArchPersistenceFieldChangeRow.seq -> seq
ArchPersistenceFieldChangeRow.fieldName -> field_name
ArchPersistenceFieldChangeRow.changeReason -> change_reason
ArchPersistenceFieldChangeRow.changePurpose -> change_purpose
ArchPersistenceFieldChangeRow.dataType -> data_type
ArchPersistenceFieldChangeRow.nullable -> nullable
ArchPersistenceFieldChangeRow.isForeignKey -> is_foreign_key
ArchPersistenceFieldChangeRow.fkTarget -> fk_target
ArchPersistenceFieldChangeRow.isIndexed -> is_indexed
ArchPersistenceFieldChangeRow.changeKind -> change_kind
ArchPersistenceFieldChangeRow.renamedFrom -> renamed_from
ArchPersistenceFieldChangeRow.dopePropertyRef -> dope_property_ref
ArchitectureOptionRow.uuid -> uuid
ArchitectureOptionRow.version -> version
ArchitectureOptionRow.architectureSummaryUuid -> architecture_summary_uuid
ArchitectureOptionRow.agentName -> agent_name
ArchitectureOptionRow.agentId -> agent_id
ArchitectureOptionRow.body -> body
ArchitectureOptionRow.status -> status
ArchitectureOptionRow.createdAt -> created_at
ArchitectureOptionRow.updatedAt -> updated_at
ArchitectureReportStub.summaryUuid -> summary_uuid
ArchitectureReportStub.version -> version
ArchitectureReportStub.status -> status
ArchitectureReportStub.persistenceChangeCount -> persistence_change_count
ArchitectureReportStub.generalChangeCount -> general_change_count
ArchitectureSummaryRow.uuid -> uuid
ArchitectureSummaryRow.version -> version
ArchitectureSummaryRow.promptUuid -> prompt_uuid
ArchitectureSummaryRow.body -> body
ArchitectureSummaryRow.status -> status
ArchitectureSummaryRow.decisionRationale -> decision_rationale
ArchitectureSummaryRow.createdAt -> created_at
ArchitectureSummaryRow.updatedAt -> updated_at
ArtifactRow.uuid -> uuid
ArtifactRow.promptUuid -> prompt_uuid
ArtifactRow.filePath -> file_path
ArtifactRow.note -> note
ArtifactRow.createdAt -> created_at
BotWorkflowRow.uuid -> uuid
BotWorkflowRow.version -> version
BotWorkflowRow.sessionUuid -> session_uuid
BotWorkflowRow.promptUuid -> prompt_uuid
BotWorkflowRow.variant -> variant
BotWorkflowRow.status -> status
BotWorkflowRow.clientKey -> client_key
BotWorkflowRow.lastServedPhase -> last_served_phase
BotWorkflowRow.createdAt -> created_at
BotWorkflowRow.updatedAt -> updated_at
CarePackageDopeRefRow.uuid -> uuid
CarePackageDopeRefRow.dopeCode -> dope_code
CarePackageDopeRefRow.note -> note
CarePackageDopeRefRow.seq -> seq
CarePackageExplorationRefRow.uuid -> uuid
CarePackageExplorationRefRow.curatedTitle -> curated_title
CarePackageExplorationRefRow.curatedBody -> curated_body
CarePackageExplorationRefRow.filePath -> file_path
CarePackageExplorationRefRow.sourceFindingUuid -> source_finding_uuid
CarePackageExplorationRefRow.seq -> seq
CarePackageKbiteRefRow.uuid -> uuid
CarePackageKbiteRefRow.kbiteResourceFileUuid -> kbite_resource_file_uuid
CarePackageKbiteRefRow.brief -> brief
CarePackageKbiteRefRow.seq -> seq
CarePackageRow.uuid -> uuid
CarePackageRow.version -> version
CarePackageRow.clarificationSummaryUuid -> clarification_summary_uuid
CarePackageRow.clarifiedIntent -> clarified_intent
CarePackageRow.status -> status
CarePackageRow.dopeScopeUuid -> dope_scope_uuid
CarePackageRow.dopeScopeRevision -> dope_scope_revision
CarePackageRow.dopeRefs -> dope_refs
CarePackageRow.kbiteRefs -> kbite_refs
CarePackageRow.explorationRefs -> exploration_refs
CarePackageRow.createdAt -> created_at
CarePackageRow.updatedAt -> updated_at
ChangeImplementationState.fileChangeCount -> file_change_count
ChangeImplementationState.firstChangedAt -> first_changed_at
ChangeImplementationState.lastChangedAt -> last_changed_at
ChangeRangeRow.lineStart -> line_start
ChangeRangeRow.lineEnd -> line_end
ChangeSummary.changeCount -> change_count
ChangeSummary.distinctFiles -> distinct_files
ChangeSummary.totalLineSpan -> total_line_span
ClarificationNoteRow.uuid -> uuid
ClarificationNoteRow.version -> version
ClarificationNoteRow.clarificationSummaryUuid -> clarification_summary_uuid
ClarificationNoteRow.body -> body
ClarificationNoteRow.confusedEntityUuid -> confused_entity_uuid
ClarificationNoteRow.confusedEntityType -> confused_entity_type
ClarificationNoteRow.weight -> weight
ClarificationNoteRow.questionUuid -> question_uuid
ClarificationNoteRow.agentId -> agent_id
ClarificationNoteRow.agentName -> agent_name
ClarificationOptionRow.uuid -> uuid
ClarificationOptionRow.seq -> seq
ClarificationOptionRow.body -> body
ClarificationQuestionRow.uuid -> uuid
ClarificationQuestionRow.version -> version
ClarificationQuestionRow.clarificationSummaryUuid -> clarification_summary_uuid
ClarificationQuestionRow.seq -> seq
ClarificationQuestionRow.question -> question
ClarificationQuestionRow.status -> status
ClarificationQuestionRow.answerText -> answer_text
ClarificationQuestionRow.agentId -> agent_id
ClarificationQuestionRow.agentName -> agent_name
ClarificationQuestionRow.options -> options
ClarificationQuestionRow.selectedOptionUuids -> selected_option_uuids
ClarificationReportStub.summaryUuid -> summary_uuid
ClarificationReportStub.version -> version
ClarificationReportStub.status -> status
ClarificationReportStub.questionCount -> question_count
ClarificationReportStub.openQuestionCount -> open_question_count
ClarificationReportStub.noteCount -> note_count
ClarificationReportStub.carePackageReady -> care_package_ready
ClarificationSummaryRow.uuid -> uuid
ClarificationSummaryRow.version -> version
ClarificationSummaryRow.promptUuid -> prompt_uuid
ClarificationSummaryRow.status -> status
ClarificationSummaryRow.createdAt -> created_at
ClarificationSummaryRow.updatedAt -> updated_at
DopeScopeRow.uuid -> uuid
DopeScopeRow.version -> version
DopeScopeRow.projectUuid -> project_uuid
DopeScopeRow.instanceUuid -> instance_uuid
DopeScopeRow.sessionUuid -> session_uuid
DopeScopeRow.promptUuid -> prompt_uuid
DopeScopeRow.scopeType -> scope_type
DopeScopeRow.deletedOn -> deleted_on
DopeScopeRow.code -> code
DopeScopeRow.name -> name
DopeScopeRow.description -> description
DopeScopeRow.revision -> revision
DopeScopeRow.createdAt -> created_at
DopeScopeRow.updatedAt -> updated_at
ExplorationFindingRow.uuid -> uuid
ExplorationFindingRow.version -> version
ExplorationFindingRow.explorationSummaryUuid -> exploration_summary_uuid
ExplorationFindingRow.kind -> kind
ExplorationFindingRow.title -> title
ExplorationFindingRow.body -> body
ExplorationFindingRow.filePath -> file_path
ExplorationFindingRow.agentName -> agent_name
ExplorationFindingRow.agentId -> agent_id
ExplorationFindingRow.findingRating -> finding_rating
ExplorationFindingStub.uuid -> uuid
ExplorationFindingStub.kind -> kind
ExplorationFindingStub.title -> title
ExplorationFindingStub.findingRating -> finding_rating
ExplorationFindingStub.agentName -> agent_name
ExplorationKeyFileRow.uuid -> uuid
ExplorationKeyFileRow.version -> version
ExplorationKeyFileRow.explorationSummaryUuid -> exploration_summary_uuid
ExplorationKeyFileRow.filePath -> file_path
ExplorationReportStub.summaryUuid -> summary_uuid
ExplorationReportStub.version -> version
ExplorationReportStub.status -> status
ExplorationReportStub.keyFileCount -> key_file_count
ExplorationReportStub.findingCount -> finding_count
ExplorationReportStub.sub100FindingCount -> sub100_finding_count
ExplorationReportStub.unrankedFindingCount -> unranked_finding_count
ExplorationSummaryRow.uuid -> uuid
ExplorationSummaryRow.version -> version
ExplorationSummaryRow.promptUuid -> prompt_uuid
ExplorationSummaryRow.agentType -> agent_type
ExplorationSummaryRow.agentId -> agent_id
ExplorationSummaryRow.status -> status
ExplorationSummaryRow.overview -> overview
ExplorationSummaryRow.createdAt -> created_at
ExplorationSummaryRow.updatedAt -> updated_at
FileChangeRow.uuid -> uuid
FileChangeRow.sessionUuid -> session_uuid
FileChangeRow.promptUuid -> prompt_uuid
FileChangeRow.relativePath -> relative_path
FileChangeRow.changeKind -> change_kind
FileChangeRow.agentId -> agent_id
FileChangeRow.agentName -> agent_name
FileChangeRow.workflowPhase -> workflow_phase
FileChangeRow.origin -> origin
FileChangeRow.claudeSessionId -> claude_session_id
FileChangeRow.claudeTurnId -> claude_turn_id
FileChangeRow.toolUseId -> tool_use_id
FileChangeRow.toolName -> tool_name
FileChangeRow.agentType -> agent_type
FileChangeRow.permissionMode -> permission_mode
FileChangeRow.durationMs -> duration_ms
FileChangeRow.transcriptPath -> transcript_path
FileChangeRow.agentRegistrationUuid -> agent_registration_uuid
FileChangeRow.createdAt -> created_at
FileChangeRow.ranges -> ranges
InstanceRow.uuid -> uuid
InstanceRow.version -> version
InstanceRow.projectUuid -> project_uuid
InstanceRow.code -> code
InstanceRow.name -> name
InstanceRow.absoluteFileSystemPath -> absolute_file_system_path
InstanceRow.ckfsRelativeStoragePath -> ckfs_relative_storage_path
InstanceRow.createdAt -> created_at
InstanceRow.updatedAt -> updated_at
KbiteRef.uuid -> uuid
KbiteRef.code -> code
KbiteResourceFileRow.uuid -> uuid
KbiteResourceFileRow.kbiteResourceUuid -> kbite_resource_uuid
KbiteResourceFileRow.resourceFileName -> resource_file_name
KbiteResourceFileRow.resourceFileSummary -> resource_file_summary
KbiteResourceFileRow.resourceFileContent -> resource_file_content
KbiteResourceFileRow.createdAt -> created_at
KbiteResourceFileStub.uuid -> uuid
KbiteResourceFileStub.resourceFileName -> resource_file_name
KbiteResourceFileStub.resourceFileSummary -> resource_file_summary
KbiteResourceFileStub.hasContent -> has_content
KbiteResourceRow.uuid -> uuid
KbiteResourceRow.kbiteUuid -> kbite_uuid
KbiteResourceRow.resourceName -> resource_name
KbiteResourceRow.resourceSummary -> resource_summary
KbiteResourceRow.resourceType -> resource_type
KbiteResourceRow.resourceTrust -> resource_trust
KbiteResourceRow.files -> files
KbiteRow.uuid -> uuid
KbiteRow.version -> version
KbiteRow.code -> code
KbiteRow.createdAt -> created_at
KbiteRow.updatedAt -> updated_at
KbiteSearchHit.kbiteCode -> kbite_code
KbiteSearchHit.kbiteUuid -> kbite_uuid
KbiteSearchHit.resourceName -> resource_name
KbiteSearchHit.fileUuid -> file_uuid
KbiteSearchHit.fileName -> file_name
KbiteSearchHit.fileSummary -> file_summary
KbiteSearchHit.matchedKeywords -> matched_keywords
KbiteSearchHit.score -> score
ProjectRow.uuid -> uuid
ProjectRow.version -> version
ProjectRow.gitRepoName -> git_repo_name
ProjectRow.code -> code
ProjectRow.name -> name
ProjectRow.ckfsRelativeStoragePath -> ckfs_relative_storage_path
ProjectRow.primaryProjectBranch -> primary_project_branch
ProjectRow.createdAt -> created_at
ProjectRow.updatedAt -> updated_at
PromptActivationRow.uuid -> uuid
PromptActivationRow.sessionUuid -> session_uuid
PromptActivationRow.promptUuid -> prompt_uuid
PromptActivationRow.clientKey -> client_key
PromptActivationRow.createdAt -> created_at
PromptChangeSummary.promptUuid -> prompt_uuid
PromptChangeSummary.summary -> summary
PromptReportsStub.clarification -> clarification
PromptReportsStub.architecture -> architecture
PromptReportsStub.exploration -> exploration
PromptReportsStub.review -> review
PromptRow.uuid -> uuid
PromptRow.version -> version
PromptRow.sessionUuid -> session_uuid
PromptRow.seq -> seq
PromptRow.code -> code
PromptRow.name -> name
PromptRow.backstory -> backstory
PromptRow.goal -> goal
PromptRow.detail -> detail
PromptRow.command -> command
PromptRow.status -> status
PromptRow.ckfsRelativeStoragePath -> ckfs_relative_storage_path
PromptRow.createdAt -> created_at
PromptRow.updatedAt -> updated_at
PromptStub.uuid -> uuid
PromptStub.sessionUuid -> session_uuid
PromptStub.seq -> seq
PromptStub.code -> code
PromptStub.name -> name
PromptStub.status -> status
PromptStub.version -> version
PromptStub.ckfsRelativeStoragePath -> ckfs_relative_storage_path
PromptStub.reports -> reports
PromptStub.createdAt -> created_at
PromptStub.updatedAt -> updated_at
ReviewFindingRow.uuid -> uuid
ReviewFindingRow.version -> version
ReviewFindingRow.reviewSummaryUuid -> review_summary_uuid
ReviewFindingRow.kind -> kind
ReviewFindingRow.title -> title
ReviewFindingRow.body -> body
ReviewFindingRow.filePath -> file_path
ReviewFindingRow.lineStart -> line_start
ReviewFindingRow.lineEnd -> line_end
ReviewFindingRow.agentName -> agent_name
ReviewFindingRow.agentId -> agent_id
ReviewFindingRow.findingRating -> finding_rating
ReviewFindingRow.status -> status
ReviewFindingStub.uuid -> uuid
ReviewFindingStub.kind -> kind
ReviewFindingStub.title -> title
ReviewFindingStub.findingRating -> finding_rating
ReviewFindingStub.agentName -> agent_name
ReviewFindingStub.status -> status
ReviewReportStub.summaryUuid -> summary_uuid
ReviewReportStub.version -> version
ReviewReportStub.status -> status
ReviewReportStub.verdict -> verdict
ReviewReportStub.findingCount -> finding_count
ReviewReportStub.sub100FindingCount -> sub100_finding_count
ReviewReportStub.unrankedFindingCount -> unranked_finding_count
ReviewReportStub.openFindingCount -> open_finding_count
ReviewSummaryRow.uuid -> uuid
ReviewSummaryRow.version -> version
ReviewSummaryRow.promptUuid -> prompt_uuid
ReviewSummaryRow.status -> status
ReviewSummaryRow.verdict -> verdict
ReviewSummaryRow.overview -> overview
ReviewSummaryRow.agentId -> agent_id
ReviewSummaryRow.createdAt -> created_at
ReviewSummaryRow.updatedAt -> updated_at
SearchHit.kind -> kind
SearchHit.subjectUuid -> subject_uuid
SearchHit.promptUuid -> prompt_uuid
SearchHit.promptSeq -> prompt_seq
SearchHit.promptName -> prompt_name
SearchHit.promptStatus -> prompt_status
SearchHit.sessionUuid -> session_uuid
SearchHit.sessionCode -> session_code
SearchHit.title -> title
SearchHit.excerpt -> excerpt
SearchHit.score -> score
SessionRow.uuid -> uuid
SessionRow.version -> version
SessionRow.code -> code
SessionRow.name -> name
SessionRow.backstory -> backstory
SessionRow.goal -> goal
SessionRow.createdAt -> created_at
SessionRow.updatedAt -> updated_at
SessionRow.activations -> activations
SessionStub.uuid -> uuid
SessionStub.version -> version
SessionStub.instanceUuid -> instance_uuid
SessionStub.code -> code
SessionStub.name -> name
SessionStub.ckfsRelativeStoragePath -> ckfs_relative_storage_path
SessionStub.createdAt -> created_at
SessionStub.updatedAt -> updated_at
SessionStub.lastActivityAt -> last_activity_at
UnplannedChangeRow.path -> path
UnplannedChangeRow.changeCount -> change_count
UnplannedChangeRow.firstChangedAt -> first_changed_at
UnplannedChangeRow.lastChangedAt -> last_changed_at
