version 30
AgentBriefingDopeRefRow.brief -> brief
AgentBriefingDopeRefRow.dopeCode -> dope_code
AgentBriefingDopeRefRow.seq -> seq
AgentBriefingDopeRefRow.uuid -> uuid
AgentBriefingFileChangeRefRow.fileChangeUuid -> file_change_uuid
AgentBriefingFileChangeRefRow.seq -> seq
AgentBriefingFileChangeRefRow.uuid -> uuid
AgentBriefingKbiteRefRow.brief -> brief
AgentBriefingKbiteRefRow.kbiteResourceFileUuid -> kbite_resource_file_uuid
AgentBriefingKbiteRefRow.seq -> seq
AgentBriefingKbiteRefRow.uuid -> uuid
AgentBriefingRow.agentId -> agent_id
AgentBriefingRow.briefingForStep -> briefing_for_step
AgentBriefingRow.createdAt -> created_at
AgentBriefingRow.dopeRefs -> dope_refs
AgentBriefingRow.dopeScopeRevision -> dope_scope_revision
AgentBriefingRow.dopeScopeUuid -> dope_scope_uuid
AgentBriefingRow.fileChangeRefs -> file_change_refs
AgentBriefingRow.kbiteRefs -> kbite_refs
AgentBriefingRow.promptUuid -> prompt_uuid
AgentBriefingRow.sessionUuid -> session_uuid
AgentBriefingRow.status -> status
AgentBriefingRow.updatedAt -> updated_at
AgentBriefingRow.uuid -> uuid
AgentBriefingRow.version -> version
AgentRegisterRequest.agentId -> agent_id
AgentRegisterRequest.agentType -> agent_type
AgentRegisterRequest.claudeSessionId -> claude_session_id
AgentRegisterRequest.claudeTurnId -> claude_turn_id
AgentRegisterRequest.methodology -> methodology
AgentRegisterRequest.role -> role
AgentRegisterRequest.workflowPhase -> workflow_phase
AgentRegisterResponse.created -> created
AgentRegisterResponse.registration -> registration
AgentRegistrationRow.agentId -> agent_id
AgentRegistrationRow.agentType -> agent_type
AgentRegistrationRow.claudeSessionId -> claude_session_id
AgentRegistrationRow.claudeTurnId -> claude_turn_id
AgentRegistrationRow.createdAt -> created_at
AgentRegistrationRow.methodology -> methodology
AgentRegistrationRow.promptUuid -> prompt_uuid
AgentRegistrationRow.role -> role
AgentRegistrationRow.sessionUuid -> session_uuid
AgentRegistrationRow.updatedAt -> updated_at
AgentRegistrationRow.uuid -> uuid
AgentRegistrationRow.version -> version
AgentRegistrationRow.workflowPhase -> workflow_phase
AppProcessIdentity.launchedAt -> launched_at
AppProcessIdentity.pid -> pid
AppProcessRow.bundleId -> bundle_id
AppProcessRow.deletedOn -> deleted_on
AppProcessRow.isRunning -> is_running
AppProcessRow.launchedAt -> launched_at
AppProcessRow.machineUuid -> machine_uuid
AppProcessRow.name -> name
AppProcessRow.pid -> pid
AppProcessRow.uuid -> uuid
AppProcessRow.version -> version
AppProcessUpsert.bundleId -> bundle_id
AppProcessUpsert.identity -> identity
AppProcessUpsert.isRunning -> is_running
AppProcessUpsert.name -> name
ArchApproveRequest.expectedVersion -> expected_version
ArchApproveRequest.summaryUuid -> summary_uuid
ArchChangePage.limit -> limit
ArchChangePage.nextCursor -> next_cursor
ArchChangePage.returned -> returned
ArchChangePage.totalGeneralChanges -> total_general_changes
ArchDecideRequest.expectedVersion -> expected_version
ArchDecideRequest.optionUuid -> option_uuid
ArchDecideRequest.rationale -> rationale
ArchDecideResponse.options -> options
ArchDecideResponse.summary -> summary
ArchFieldAddRequest.changeKind -> change_kind
ArchFieldAddRequest.changePurpose -> change_purpose
ArchFieldAddRequest.changeReason -> change_reason
ArchFieldAddRequest.dataType -> data_type
ArchFieldAddRequest.dopePropertyRef -> dope_property_ref
ArchFieldAddRequest.fieldName -> field_name
ArchFieldAddRequest.fkTarget -> fk_target
ArchFieldAddRequest.isForeignKey -> is_foreign_key
ArchFieldAddRequest.isIndexed -> is_indexed
ArchFieldAddRequest.nullable -> nullable
ArchFieldAddRequest.persistenceChangeUuid -> persistence_change_uuid
ArchFieldAddRequest.renamedFrom -> renamed_from
ArchFieldAddResponse.field -> field
ArchGeneralAddRequest.changeCode -> change_code
ArchGeneralAddRequest.changeDepth -> change_depth
ArchGeneralAddRequest.className -> class_name
ArchGeneralAddRequest.filePath -> file_path
ArchGeneralAddRequest.reasonBrief -> reason_brief
ArchGeneralAddRequest.summaryUuid -> summary_uuid
ArchGeneralAddResponse.change -> change
ArchGeneralChangeRow.changeCode -> change_code
ArchGeneralChangeRow.changeDepth -> change_depth
ArchGeneralChangeRow.className -> class_name
ArchGeneralChangeRow.filePath -> file_path
ArchGeneralChangeRow.implementation -> implementation
ArchGeneralChangeRow.reasonBrief -> reason_brief
ArchGeneralChangeRow.seq -> seq
ArchGeneralChangeRow.uuid -> uuid
ArchGeneralChangeStub.changeCodeChars -> change_code_chars
ArchGeneralChangeStub.changeCodeExcerpt -> change_code_excerpt
ArchGeneralChangeStub.changeCodeTruncated -> change_code_truncated
ArchGeneralChangeStub.changeDepth -> change_depth
ArchGeneralChangeStub.className -> class_name
ArchGeneralChangeStub.filePath -> file_path
ArchGeneralChangeStub.implementation -> implementation
ArchGeneralChangeStub.reasonBrief -> reason_brief
ArchGeneralChangeStub.seq -> seq
ArchGeneralChangeStub.uuid -> uuid
ArchGetRequest.changeUuid -> change_uuid
ArchGetRequest.cursor -> cursor
ArchGetRequest.full -> full
ArchGetRequest.includeOptions -> include_options
ArchGetRequest.limit -> limit
ArchGetRequest.optionUuid -> option_uuid
ArchGetRequest.promptUuid -> prompt_uuid
ArchGetResponse.changePage -> change_page
ArchGetResponse.generalChangeStubs -> general_change_stubs
ArchGetResponse.generalChanges -> general_changes
ArchGetResponse.optionStubs -> option_stubs
ArchGetResponse.options -> options
ArchGetResponse.orderingRespected -> ordering_respected
ArchGetResponse.persistenceChanges -> persistence_changes
ArchGetResponse.summary -> summary
ArchGetResponse.unplannedChanges -> unplanned_changes
ArchOpenRequest.promptUuid -> prompt_uuid
ArchOptionAddRequest.agentId -> agent_id
ArchOptionAddRequest.agentName -> agent_name
ArchOptionAddRequest.body -> body
ArchOptionAddRequest.expectedVersion -> expected_version
ArchOptionAddRequest.summaryUuid -> summary_uuid
ArchOptionAddRequest.supersedesOptionUuid -> supersedes_option_uuid
ArchOptionRowResponse.option -> option
ArchPersistAddRequest.changeKind -> change_kind
ArchPersistAddRequest.className -> class_name
ArchPersistAddRequest.dopeRef -> dope_ref
ArchPersistAddRequest.filePath -> file_path
ArchPersistAddRequest.reasonBrief -> reason_brief
ArchPersistAddRequest.summaryUuid -> summary_uuid
ArchPersistAddResponse.change -> change
ArchPersistenceChangeRow.changeKind -> change_kind
ArchPersistenceChangeRow.className -> class_name
ArchPersistenceChangeRow.dopeRef -> dope_ref
ArchPersistenceChangeRow.fields -> fields
ArchPersistenceChangeRow.filePath -> file_path
ArchPersistenceChangeRow.implementation -> implementation
ArchPersistenceChangeRow.reasonBrief -> reason_brief
ArchPersistenceChangeRow.seq -> seq
ArchPersistenceChangeRow.uuid -> uuid
ArchPersistenceFieldChangeRow.changeKind -> change_kind
ArchPersistenceFieldChangeRow.changePurpose -> change_purpose
ArchPersistenceFieldChangeRow.changeReason -> change_reason
ArchPersistenceFieldChangeRow.dataType -> data_type
ArchPersistenceFieldChangeRow.dopePropertyRef -> dope_property_ref
ArchPersistenceFieldChangeRow.fieldName -> field_name
ArchPersistenceFieldChangeRow.fkTarget -> fk_target
ArchPersistenceFieldChangeRow.isForeignKey -> is_foreign_key
ArchPersistenceFieldChangeRow.isIndexed -> is_indexed
ArchPersistenceFieldChangeRow.nullable -> nullable
ArchPersistenceFieldChangeRow.renamedFrom -> renamed_from
ArchPersistenceFieldChangeRow.seq -> seq
ArchPersistenceFieldChangeRow.uuid -> uuid
ArchProposeRequest.expectedVersion -> expected_version
ArchProposeRequest.summaryUuid -> summary_uuid
ArchReviseRequest.expectedVersion -> expected_version
ArchReviseRequest.summaryUuid -> summary_uuid
ArchSummarizeRequest.body -> body
ArchSummarizeRequest.expectedVersion -> expected_version
ArchSummarizeRequest.summaryUuid -> summary_uuid
ArchSummaryResponse.created -> created
ArchSummaryResponse.summary -> summary
ArchitectureOptionRow.agentId -> agent_id
ArchitectureOptionRow.agentName -> agent_name
ArchitectureOptionRow.architectureSummaryUuid -> architecture_summary_uuid
ArchitectureOptionRow.body -> body
ArchitectureOptionRow.createdAt -> created_at
ArchitectureOptionRow.status -> status
ArchitectureOptionRow.updatedAt -> updated_at
ArchitectureOptionRow.uuid -> uuid
ArchitectureOptionRow.version -> version
ArchitectureOptionStub.agentId -> agent_id
ArchitectureOptionStub.agentName -> agent_name
ArchitectureOptionStub.bodyChars -> body_chars
ArchitectureOptionStub.selected -> selected
ArchitectureOptionStub.status -> status
ArchitectureOptionStub.uuid -> uuid
ArchitectureReportStub.generalChangeCount -> general_change_count
ArchitectureReportStub.persistenceChangeCount -> persistence_change_count
ArchitectureReportStub.status -> status
ArchitectureReportStub.summaryUuid -> summary_uuid
ArchitectureReportStub.version -> version
ArchitectureSummaryRow.body -> body
ArchitectureSummaryRow.createdAt -> created_at
ArchitectureSummaryRow.decisionRationale -> decision_rationale
ArchitectureSummaryRow.promptUuid -> prompt_uuid
ArchitectureSummaryRow.status -> status
ArchitectureSummaryRow.updatedAt -> updated_at
ArchitectureSummaryRow.uuid -> uuid
ArchitectureSummaryRow.version -> version
ArtifactAddRequest.filePath -> file_path
ArtifactAddRequest.note -> note
ArtifactAddRequest.promptUuid -> prompt_uuid
ArtifactListRequest.promptUuid -> prompt_uuid
ArtifactListResponse.artifacts -> artifacts
ArtifactRow.createdAt -> created_at
ArtifactRow.filePath -> file_path
ArtifactRow.note -> note
ArtifactRow.promptUuid -> prompt_uuid
ArtifactRow.uuid -> uuid
BackupResponse.backupPath -> backup_path
BackupResponse.sizeBytes -> size_bytes
BaseEntity.createdAt -> created_at
BaseEntity.id -> id
BaseEntity.updatedAt -> updated_at
BaseEntity.uuid -> uuid
BaseEntity.version -> version
BotGetRequest.clientKey -> client_key
BotGetRequest.promptUuid -> prompt_uuid
BotGetRequest.sessionUuid -> session_uuid
BotNextRequest.clientKey -> client_key
BotNextRequest.promptUuid -> prompt_uuid
BotNextRequest.sessionUuid -> session_uuid
BotNextResponse.gateBlockers -> gate_blockers
BotNextResponse.instructions -> instructions
BotNextResponse.phase -> phase
BotNextResponse.uuids -> uuids
BotNextResponse.workflow -> workflow
BotPhaseUuids.architectureSummaryUuid -> architecture_summary_uuid
BotPhaseUuids.briefingUuid -> briefing_uuid
BotPhaseUuids.carePackageUuid -> care_package_uuid
BotPhaseUuids.clarificationSummaryUuid -> clarification_summary_uuid
BotPhaseUuids.explorationSummaryUuids -> exploration_summary_uuids
BotPhaseUuids.promptUuid -> prompt_uuid
BotPhaseUuids.reviewSummaryUuid -> review_summary_uuid
BotPhaseUuids.sessionUuid -> session_uuid
BotWorkflowResponse.created -> created
BotWorkflowResponse.workflow -> workflow
BotWorkflowRow.clientKey -> client_key
BotWorkflowRow.createdAt -> created_at
BotWorkflowRow.lastServedPhase -> last_served_phase
BotWorkflowRow.promptUuid -> prompt_uuid
BotWorkflowRow.sessionUuid -> session_uuid
BotWorkflowRow.status -> status
BotWorkflowRow.updatedAt -> updated_at
BotWorkflowRow.uuid -> uuid
BotWorkflowRow.variant -> variant
BotWorkflowRow.version -> version
BriefingCompleteRequest.agentId -> agent_id
BriefingCompleteRequest.briefingUuid -> briefing_uuid
BriefingCompleteRequest.dopeRefs -> dope_refs
BriefingCompleteRequest.expectedVersion -> expected_version
BriefingCompleteRequest.fileChangeRefs -> file_change_refs
BriefingCompleteRequest.kbiteRefs -> kbite_refs
BriefingGetRequest.briefingUuid -> briefing_uuid
BriefingGetRequest.clientKey -> client_key
BriefingGetRequest.promptUuid -> prompt_uuid
BriefingGetRequest.sessionUuid -> session_uuid
BriefingGetRequest.step -> step
BriefingGetResponse.briefing -> briefing
BriefingGetResponse.staleness -> staleness
BriefingListRequest.promptUuid -> prompt_uuid
BriefingListRequest.sessionUuid -> session_uuid
BriefingListResponse.briefings -> briefings
BriefingOpenRequest.briefingForStep -> briefing_for_step
BriefingOpenRequest.clientKey -> client_key
BriefingOpenRequest.promptUuid -> prompt_uuid
BriefingOpenRequest.sessionUuid -> session_uuid
BriefingRowResponse.briefing -> briefing
BriefingRowResponse.created -> created
BriefingRowResponse.unresolvedDopeRefs -> unresolved_dope_refs
BriefingStaleness.currentRevision -> current_revision
BriefingStaleness.drifted -> drifted
BriefingStaleness.ghostDotPaths -> ghost_dot_paths
BriefingStaleness.stampedRevision -> stamped_revision
BriefingStubRequest.agentType -> agent_type
BriefingStubRequest.clientKey -> client_key
BriefingStubRequest.sessionUuid -> session_uuid
BriefingStubResponse.stub -> stub
CarePackageCompleteRequest.clarifiedIntent -> clarified_intent
CarePackageCompleteRequest.expectedVersion -> expected_version
CarePackageCompleteRequest.packageUuid -> package_uuid
CarePackageDopeRefRow.dopeCode -> dope_code
CarePackageDopeRefRow.note -> note
CarePackageDopeRefRow.seq -> seq
CarePackageDopeRefRow.uuid -> uuid
CarePackageExplorationRefRow.curatedBody -> curated_body
CarePackageExplorationRefRow.curatedTitle -> curated_title
CarePackageExplorationRefRow.filePath -> file_path
CarePackageExplorationRefRow.seq -> seq
CarePackageExplorationRefRow.sourceFindingUuid -> source_finding_uuid
CarePackageExplorationRefRow.uuid -> uuid
CarePackageExplorationRefStub.curatedBodyChars -> curated_body_chars
CarePackageExplorationRefStub.curatedBodyExcerpt -> curated_body_excerpt
CarePackageExplorationRefStub.curatedBodyTruncated -> curated_body_truncated
CarePackageExplorationRefStub.curatedTitle -> curated_title
CarePackageExplorationRefStub.filePath -> file_path
CarePackageExplorationRefStub.seq -> seq
CarePackageExplorationRefStub.sourceFindingUuid -> source_finding_uuid
CarePackageExplorationRefStub.uuid -> uuid
CarePackageGetRequest.includeRefBodies -> include_ref_bodies
CarePackageGetRequest.promptUuid -> prompt_uuid
CarePackageGetRequest.refUuid -> ref_uuid
CarePackageKbiteRefRow.brief -> brief
CarePackageKbiteRefRow.kbiteResourceFileUuid -> kbite_resource_file_uuid
CarePackageKbiteRefRow.seq -> seq
CarePackageKbiteRefRow.uuid -> uuid
CarePackageOpenRequest.summaryUuid -> summary_uuid
CarePackageRefAddRequest.curatedBody -> curated_body
CarePackageRefAddRequest.curatedTitle -> curated_title
CarePackageRefAddRequest.dopeCode -> dope_code
CarePackageRefAddRequest.filePath -> file_path
CarePackageRefAddRequest.kbiteFileUuid -> kbite_file_uuid
CarePackageRefAddRequest.kind -> kind
CarePackageRefAddRequest.note -> note
CarePackageRefAddRequest.packageUuid -> package_uuid
CarePackageRefAddRequest.sourceFindingUuid -> source_finding_uuid
CarePackageResponse.created -> created
CarePackageResponse.explorationRefStubs -> exploration_ref_stubs
CarePackageResponse.package -> package
CarePackageRow.clarificationSummaryUuid -> clarification_summary_uuid
CarePackageRow.clarifiedIntent -> clarified_intent
CarePackageRow.createdAt -> created_at
CarePackageRow.dopeRefs -> dope_refs
CarePackageRow.dopeScopeRevision -> dope_scope_revision
CarePackageRow.dopeScopeUuid -> dope_scope_uuid
CarePackageRow.explorationRefs -> exploration_refs
CarePackageRow.kbiteRefs -> kbite_refs
CarePackageRow.status -> status
CarePackageRow.updatedAt -> updated_at
CarePackageRow.uuid -> uuid
CarePackageRow.version -> version
CarePackageStaleness.currentRevision -> current_revision
CarePackageStaleness.drifted -> drifted
CarePackageStaleness.ghostDotPaths -> ghost_dot_paths
CarePackageStaleness.stampedRevision -> stamped_revision
CarePackageStub.clarifiedIntentChars -> clarified_intent_chars
CarePackageStub.dopeRefCount -> dope_ref_count
CarePackageStub.dopeScopeRevision -> dope_scope_revision
CarePackageStub.dopeScopeUuid -> dope_scope_uuid
CarePackageStub.explorationRefCount -> exploration_ref_count
CarePackageStub.kbiteRefCount -> kbite_ref_count
CarePackageStub.status -> status
CarePackageStub.uuid -> uuid
CarePackageStub.version -> version
CatalogSearchRequest.limit -> limit
CatalogSearchRequest.pageBytes -> page_bytes
CatalogSearchRequest.pageCursor -> page_cursor
CatalogSearchRequest.projectUuid -> project_uuid
CatalogSearchRequest.query -> query
CatalogSearchResponse.instances -> instances
CatalogSearchResponse.page -> page
CatalogSearchResponse.sessions -> sessions
CdeNarrowing.parameters -> parameters
CdeNarrowing.retryWith -> retry_with
CdeOpSpec.isWrite -> is_write
CdeOpSpec.narrowing -> narrowing
CdeOpSpec.op -> op
CdeOpSpec.requiredParams -> required_params
CdeOpSpec.summary -> summary
CdeOpSpec.verbs -> verbs
CdeOversizeNote.budgetBytes -> budget_bytes
CdeOversizeNote.bytes -> bytes
CdeOversizeNote.degradedBytes -> degraded_bytes
CdeOversizeNote.outcome -> outcome
CdeOversizeNote.parameters -> parameters
CdeOversizeNote.retryWith -> retry_with
CdeOversizeNote.tool -> tool
CdePage.nextCursor -> next_cursor
CdePage.pageBytes -> page_bytes
CdePage.regions -> regions
CdePageCursor.position -> position
CdePageCursor.region -> region
CdePageRegion.name -> name
CdePageRegion.returned -> returned
CdePageRegion.total -> total
CdePager.pageBytes -> page_bytes
CdeTextWindow.offset -> offset
CdeTextWindow.region -> region
CdeTextWindow.returnedChars -> returned_chars
CdeTextWindow.text -> text
CdeTextWindow.totalChars -> total_chars
CdeToolSpec.alwaysLoad -> always_load
CdeToolSpec.description -> description
CdeToolSpec.name -> name
CdeToolSpec.ops -> ops
CdeToolSpec.refuses -> refuses
CdeToolSpec.schema -> schema
ChangeImplementationState.fileChangeCount -> file_change_count
ChangeImplementationState.firstChangedAt -> first_changed_at
ChangeImplementationState.lastChangedAt -> last_changed_at
ChangeRange.changedContent -> changed_content
ChangeRange.lineEnd -> line_end
ChangeRange.lineStart -> line_start
ChangeRangeRow.lineEnd -> line_end
ChangeRangeRow.lineStart -> line_start
ChangeSummary.changeCount -> change_count
ChangeSummary.distinctFiles -> distinct_files
ChangeSummary.totalLineSpan -> total_line_span
ClarificationNoteRow.agentId -> agent_id
ClarificationNoteRow.agentName -> agent_name
ClarificationNoteRow.body -> body
ClarificationNoteRow.clarificationSummaryUuid -> clarification_summary_uuid
ClarificationNoteRow.confusedEntityType -> confused_entity_type
ClarificationNoteRow.confusedEntityUuid -> confused_entity_uuid
ClarificationNoteRow.questionUuid -> question_uuid
ClarificationNoteRow.uuid -> uuid
ClarificationNoteRow.version -> version
ClarificationNoteRow.weight -> weight
ClarificationNoteStub.agentName -> agent_name
ClarificationNoteStub.bodyChars -> body_chars
ClarificationNoteStub.bodyExcerpt -> body_excerpt
ClarificationNoteStub.bodyTruncated -> body_truncated
ClarificationNoteStub.questionUuid -> question_uuid
ClarificationNoteStub.uuid -> uuid
ClarificationNoteStub.weight -> weight
ClarificationOptionRow.body -> body
ClarificationOptionRow.seq -> seq
ClarificationOptionRow.uuid -> uuid
ClarificationQuestionRow.agentId -> agent_id
ClarificationQuestionRow.agentName -> agent_name
ClarificationQuestionRow.answerText -> answer_text
ClarificationQuestionRow.clarificationSummaryUuid -> clarification_summary_uuid
ClarificationQuestionRow.options -> options
ClarificationQuestionRow.question -> question
ClarificationQuestionRow.selectedOptionUuids -> selected_option_uuids
ClarificationQuestionRow.seq -> seq
ClarificationQuestionRow.status -> status
ClarificationQuestionRow.uuid -> uuid
ClarificationQuestionRow.version -> version
ClarificationReportStub.carePackageReady -> care_package_ready
ClarificationReportStub.noteCount -> note_count
ClarificationReportStub.openQuestionCount -> open_question_count
ClarificationReportStub.questionCount -> question_count
ClarificationReportStub.status -> status
ClarificationReportStub.summaryUuid -> summary_uuid
ClarificationReportStub.version -> version
ClarificationSummaryRow.createdAt -> created_at
ClarificationSummaryRow.promptUuid -> prompt_uuid
ClarificationSummaryRow.status -> status
ClarificationSummaryRow.updatedAt -> updated_at
ClarificationSummaryRow.uuid -> uuid
ClarificationSummaryRow.version -> version
ClarifyAnswerRequest.answerText -> answer_text
ClarifyAnswerRequest.expectedVersion -> expected_version
ClarifyAnswerRequest.questionUuid -> question_uuid
ClarifyAnswerRequest.selectedOptionUuids -> selected_option_uuids
ClarifyAnswerRequest.skip -> skip
ClarifyFinalizeRequest.expectedVersion -> expected_version
ClarifyFinalizeRequest.summaryUuid -> summary_uuid
ClarifyFinalizeResponse.summary -> summary
ClarifyGetRequest.includeCarePackage -> include_care_package
ClarifyGetRequest.noteWeightMax -> note_weight_max
ClarifyGetRequest.promptUuid -> prompt_uuid
ClarifyGetResponse.carePackage -> care_package
ClarifyGetResponse.carePackageStaleness -> care_package_staleness
ClarifyGetResponse.carePackageStub -> care_package_stub
ClarifyGetResponse.noteStubs -> note_stubs
ClarifyGetResponse.notes -> notes
ClarifyGetResponse.questions -> questions
ClarifyGetResponse.summary -> summary
ClarifyNoteAddRequest.agentId -> agent_id
ClarifyNoteAddRequest.agentName -> agent_name
ClarifyNoteAddRequest.body -> body
ClarifyNoteAddRequest.confusedEntityType -> confused_entity_type
ClarifyNoteAddRequest.confusedEntityUuid -> confused_entity_uuid
ClarifyNoteAddRequest.questionUuid -> question_uuid
ClarifyNoteAddRequest.summaryUuid -> summary_uuid
ClarifyNoteAddRequest.weight -> weight
ClarifyNoteRowResponse.note -> note
ClarifyOpenRequest.promptUuid -> prompt_uuid
ClarifyQuestionAddRequest.agentId -> agent_id
ClarifyQuestionAddRequest.agentName -> agent_name
ClarifyQuestionAddRequest.options -> options
ClarifyQuestionAddRequest.question -> question
ClarifyQuestionAddRequest.summaryUuid -> summary_uuid
ClarifyQuestionRowResponse.question -> question
ClarifyReopenRequest.expectedVersion -> expected_version
ClarifyReopenRequest.summaryUuid -> summary_uuid
ClarifySealRequest.expectedVersion -> expected_version
ClarifySealRequest.summaryUuid -> summary_uuid
ClarifySummaryResponse.created -> created
ClarifySummaryResponse.summary -> summary
ConfigSetRequest.key -> key
ConfigSetRequest.value -> value
ConfigSetResponse.key -> key
ConfigSetResponse.value -> value
ContextEnsureRequest.claudeSessionId -> claude_session_id
ContextEnsureRequest.instance -> instance
ContextEnsureRequest.project -> project
ContextEnsureRequest.session -> session
ContextEnsureResponse.claudeSessionBindingCount -> claude_session_binding_count
ContextEnsureResponse.createdInstance -> created_instance
ContextEnsureResponse.createdProject -> created_project
ContextEnsureResponse.createdSession -> created_session
ContextEnsureResponse.instanceUuid -> instance_uuid
ContextEnsureResponse.projectUuid -> project_uuid
ContextEnsureResponse.sessionUuid -> session_uuid
ContextGetRequest.instanceName -> instance_name
ContextGetRequest.projectCode -> project_code
ContextGetRequest.sessionCode -> session_code
ContextGetResponse.instanceUuid -> instance_uuid
ContextGetResponse.kbiteCodes -> kbite_codes
ContextGetResponse.projectUuid -> project_uuid
ContextGetResponse.sessionUuid -> session_uuid
DiagramBatchApplyRequest.diagramUuid -> diagram_uuid
DiagramBatchApplyRequest.expectedRevision -> expected_revision
DiagramBatchApplyRequest.mutations -> mutations
DiagramBatchApplyResponse.diagramUuid -> diagram_uuid
DiagramBatchApplyResponse.results -> results
DiagramBatchApplyResponse.revision -> revision
DiagramDeleteRequest.diagramUuid -> diagram_uuid
DiagramDeleteRequest.expectedRevision -> expected_revision
DiagramDeleteResponse.cascadedElements -> cascaded_elements
DiagramDeleteResponse.code -> code
DiagramDeleteResponse.deletedUuid -> deleted_uuid
DiagramDeleteResponse.gmccDiagramPath -> gmcc_diagram_path
DiagramDeleteResponse.ownerStoragePath -> owner_storage_path
DiagramGetRequest.code -> code
DiagramGetRequest.diagramUuid -> diagram_uuid
DiagramGetRequest.instanceUuid -> instance_uuid
DiagramGetRequest.projectUuid -> project_uuid
DiagramGetRequest.promptUuid -> prompt_uuid
DiagramGetRequest.sessionUuid -> session_uuid
DiagramIngestRequest.sessionUuid -> session_uuid
DiagramIngestResponse.ingested -> ingested
DiagramIngestResponse.root -> root
DiagramIngestResponse.skipped -> skipped
DiagramIngestResponse.warnings -> warnings
DiagramInitRequest.code -> code
DiagramInitRequest.description -> description
DiagramInitRequest.dopeScopeCode -> dope_scope_code
DiagramInitRequest.gmccDiagramPath -> gmcc_diagram_path
DiagramInitRequest.instanceUuid -> instance_uuid
DiagramInitRequest.name -> name
DiagramInitRequest.projectUuid -> project_uuid
DiagramInitRequest.promptUuid -> prompt_uuid
DiagramInitRequest.sessionUuid -> session_uuid
DiagramListRequest.instanceUuid -> instance_uuid
DiagramListRequest.projectUuid -> project_uuid
DiagramListRequest.promptUuid -> prompt_uuid
DiagramListRequest.sessionUuid -> session_uuid
DiagramListRequest.visibility -> visibility
DiagramListResponse.diagrams -> diagrams
DiagramNodeAddRequest.add -> add
DiagramNodeAddRequest.diagramUuid -> diagram_uuid
DiagramNodeDeleteRequest.delete -> delete
DiagramNodeDeleteResponse.cascadedElements -> cascaded_elements
DiagramNodeDeleteResponse.deletedUuid -> deleted_uuid
DiagramNodeDeleteResponse.diagramUuid -> diagram_uuid
DiagramNodeDeleteResponse.revision -> revision
DiagramNodeResponse.diagramUuid -> diagram_uuid
DiagramNodeResponse.revision -> revision
DiagramNodeResponse.uuid -> uuid
DiagramNodeResponse.version -> version
DiagramNodeUpdateRequest.update -> update
DiagramResponse.created -> created
DiagramResponse.diagram -> diagram
DiagramSearchRequest.limit -> limit
DiagramSearchRequest.projectUuid -> project_uuid
DiagramSearchRequest.query -> query
DiagramSearchRequest.sessionUuid -> session_uuid
DiagramSearchRequest.visibility -> visibility
DiagramSearchResponse.diagrams -> diagrams
DiagramWriteRepoRequest.force -> force
DiagramWriteRepoRequest.sessionUuid -> session_uuid
DiagramWriteRepoResponse.pruned -> pruned
DiagramWriteRepoResponse.root -> root
DiagramWriteRepoResponse.written -> written
DisplayInput.backingScale -> backing_scale
DisplayInput.cgDisplayId -> cg_display_id
DisplayInput.frameHeight -> frame_height
DisplayInput.frameWidth -> frame_width
DisplayInput.frameX -> frame_x
DisplayInput.frameY -> frame_y
DisplayInput.isBuiltin -> is_builtin
DisplayInput.name -> name
DisplayInput.physicalHeightMm -> physical_height_mm
DisplayInput.physicalWidthMm -> physical_width_mm
DisplayInput.pixelHeight -> pixel_height
DisplayInput.pixelWidth -> pixel_width
DisplayInput.refreshHz -> refresh_hz
DisplayInput.stableKey -> stable_key
DisplayInput.visibleHeight -> visible_height
DisplayInput.visibleWidth -> visible_width
DisplayInput.visibleX -> visible_x
DisplayInput.visibleY -> visible_y
DisplayRow.backingScale -> backing_scale
DisplayRow.cgDisplayId -> cg_display_id
DisplayRow.createdAt -> created_at
DisplayRow.frameHeight -> frame_height
DisplayRow.frameWidth -> frame_width
DisplayRow.frameX -> frame_x
DisplayRow.frameY -> frame_y
DisplayRow.isBuiltin -> is_builtin
DisplayRow.isConnected -> is_connected
DisplayRow.lastSeenAt -> last_seen_at
DisplayRow.machineUuid -> machine_uuid
DisplayRow.name -> name
DisplayRow.physicalHeightMm -> physical_height_mm
DisplayRow.physicalWidthMm -> physical_width_mm
DisplayRow.pixelHeight -> pixel_height
DisplayRow.pixelWidth -> pixel_width
DisplayRow.refreshHz -> refresh_hz
DisplayRow.stableKey -> stable_key
DisplayRow.uuid -> uuid
DisplayRow.version -> version
DisplayRow.visibleHeight -> visible_height
DisplayRow.visibleWidth -> visible_width
DisplayRow.visibleX -> visible_x
DisplayRow.visibleY -> visible_y
DopeCogAddRequest.code -> code
DopeCogAddRequest.description -> description
DopeCogAddRequest.name -> name
DopeCogAddRequest.scopeUuid -> scope_uuid
DopeCogAddRequest.sortOrder -> sort_order
DopeCogDeleteRequest.expectedVersion -> expected_version
DopeCogDeleteRequest.soft -> soft
DopeCogDeleteRequest.uuid -> uuid
DopeCogDeleteResponse.cascadedElements -> cascaded_elements
DopeCogDeleteResponse.deletedUuid -> deleted_uuid
DopeCogDeleteResponse.revision -> revision
DopeCogDeleteResponse.scopeUuid -> scope_uuid
DopeCogElementAddRequest.code -> code
DopeCogElementAddRequest.cogUuid -> cog_uuid
DopeCogElementAddRequest.description -> description
DopeCogElementAddRequest.dopePersistenceCode -> dope_persistence_code
DopeCogElementAddRequest.dopeScopeCode -> dope_scope_code
DopeCogElementAddRequest.elementType -> element_type
DopeCogElementAddRequest.name -> name
DopeCogElementAddRequest.parentElementUuid -> parent_element_uuid
DopeCogElementAddRequest.primaryPath -> primary_path
DopeCogElementAddRequest.sortOrder -> sort_order
DopeCogElementDeleteRequest.expectedVersion -> expected_version
DopeCogElementDeleteRequest.soft -> soft
DopeCogElementDeleteRequest.uuid -> uuid
DopeCogElementNode.code -> code
DopeCogElementNode.deletedOn -> deleted_on
DopeCogElementNode.description -> description
DopeCogElementNode.dopePersistenceCode -> dope_persistence_code
DopeCogElementNode.dopeScopeCode -> dope_scope_code
DopeCogElementNode.elementType -> element_type
DopeCogElementNode.name -> name
DopeCogElementNode.parentElementUuid -> parent_element_uuid
DopeCogElementNode.primaryPath -> primary_path
DopeCogElementNode.sortOrder -> sort_order
DopeCogElementNode.uuid -> uuid
DopeCogElementNode.version -> version
DopeCogElementResponse.element -> element
DopeCogElementResponse.revision -> revision
DopeCogElementUpdateRequest.clearDopeScopeCode -> clear_dope_scope_code
DopeCogElementUpdateRequest.code -> code
DopeCogElementUpdateRequest.description -> description
DopeCogElementUpdateRequest.dopeScopeCode -> dope_scope_code
DopeCogElementUpdateRequest.expectedVersion -> expected_version
DopeCogElementUpdateRequest.name -> name
DopeCogElementUpdateRequest.primaryPath -> primary_path
DopeCogElementUpdateRequest.sortOrder -> sort_order
DopeCogElementUpdateRequest.uuid -> uuid
DopeCogGetRequest.code -> code
DopeCogGetRequest.scopeUuid -> scope_uuid
DopeCogGetResponse.cogs -> cogs
DopeCogNode.code -> code
DopeCogNode.deletedOn -> deleted_on
DopeCogNode.description -> description
DopeCogNode.elements -> elements
DopeCogNode.name -> name
DopeCogNode.sortOrder -> sort_order
DopeCogNode.uuid -> uuid
DopeCogNode.version -> version
DopeCogResponse.cog -> cog
DopeCogResponse.revision -> revision
DopeCogUpdateRequest.code -> code
DopeCogUpdateRequest.description -> description
DopeCogUpdateRequest.expectedVersion -> expected_version
DopeCogUpdateRequest.name -> name
DopeCogUpdateRequest.sortOrder -> sort_order
DopeCogUpdateRequest.uuid -> uuid
DopeGetResponse.areaVersions -> area_versions
DopeGetResponse.hidden -> hidden
DopeGetResponse.resolutions -> resolutions
DopeGetResponse.resolvedVia -> resolved_via
DopeGetResponse.tree -> tree
DopeGetResponse.warnings -> warnings
DopeIngestRequest.adopt -> adopt
DopeIngestRequest.dirPath -> dir_path
DopeIngestRequest.scopeUuid -> scope_uuid
DopeIngestResponse.counts -> counts
DopeIngestResponse.gapCrossed -> gap_crossed
DopeIngestResponse.previousRevision -> previous_revision
DopeIngestResponse.scope -> scope
DopeInitRequest.cloneFromSessionBase -> clone_from_session_base
DopeInitRequest.code -> code
DopeInitRequest.description -> description
DopeInitRequest.name -> name
DopeInitRequest.promptUuid -> prompt_uuid
DopeInitRequest.sessionUuid -> session_uuid
DopeListRequest.promptUuid -> prompt_uuid
DopeListRequest.sessionUuid -> session_uuid
DopeListResponse.scopes -> scopes
DopeMergeOutcomeRow.decision -> decision
DopeMergeOutcomeRow.dotPath -> dot_path
DopeMergeOutcomeRow.kind -> kind
DopeMergePlanRequest.scopeUuid -> scope_uuid
DopeMergePlanResponse.conflictCount -> conflict_count
DopeMergePlanResponse.outcomes -> outcomes
DopeNodeAddRequest.fields -> fields
DopeNodeAddRequest.level -> level
DopeNodeAddRequest.parentUuid -> parent_uuid
DopeNodeDeleteRequest.expectedVersion -> expected_version
DopeNodeDeleteRequest.level -> level
DopeNodeDeleteRequest.nodeUuid -> node_uuid
DopeNodeDeleteRequest.soft -> soft
DopeNodeDeleteResponse.cascaded -> cascaded
DopeNodeDeleteResponse.deletedUuid -> deleted_uuid
DopeNodeDeleteResponse.revision -> revision
DopeNodeDeleteResponse.scopeUuid -> scope_uuid
DopeNodeFields.autoIncrement -> auto_increment
DopeNodeFields.baseComposableUuid -> base_composable_uuid
DopeNodeFields.baseOriginPropertyUuid -> base_origin_property_uuid
DopeNodeFields.clearAutoIncrement -> clear_auto_increment
DopeNodeFields.clearBaseComposable -> clear_base_composable
DopeNodeFields.clearBaseOrigin -> clear_base_origin
DopeNodeFields.clearEnum -> clear_enum
DopeNodeFields.clearRelationshipTarget -> clear_relationship_target
DopeNodeFields.clearRepoRepresentativeFile -> clear_repo_representative_file
DopeNodeFields.clearTextCharLimit -> clear_text_char_limit
DopeNodeFields.code -> code
DopeNodeFields.dataType -> data_type
DopeNodeFields.description -> description
DopeNodeFields.entityType -> entity_type
DopeNodeFields.enumUuid -> enum_uuid
DopeNodeFields.isUnique -> is_unique
DopeNodeFields.name -> name
DopeNodeFields.nullable -> nullable
DopeNodeFields.relationshipTargetUuid -> relationship_target_uuid
DopeNodeFields.repoRepresentativeFile -> repo_representative_file
DopeNodeFields.sortOrder -> sort_order
DopeNodeFields.textCharLimit -> text_char_limit
DopeNodeResponse.level -> level
DopeNodeResponse.revision -> revision
DopeNodeResponse.scopeUuid -> scope_uuid
DopeNodeResponse.uuid -> uuid
DopeNodeResponse.version -> version
DopeNodeUpdateRequest.expectedVersion -> expected_version
DopeNodeUpdateRequest.fields -> fields
DopeNodeUpdateRequest.level -> level
DopeNodeUpdateRequest.nodeUuid -> node_uuid
DopePromoteRequest.code -> code
DopePromoteRequest.dryRun -> dry_run
DopePromoteRequest.sessionUuid -> session_uuid
DopePromoteResponse.detail -> detail
DopePromoteResponse.promoted -> promoted
DopePromoteResponse.skipped -> skipped
DopePromotedScope.baseScopeUuid -> base_scope_uuid
DopePromotedScope.code -> code
DopePromotedScope.counts -> counts
DopePromotedScope.fromRevision -> from_revision
DopePromotedScope.toRevision -> to_revision
DopeReadRepoRequest.dirPath -> dir_path
DopeReadRepoRequest.scopeUuid -> scope_uuid
DopeReadRepoResponse.bundle -> bundle
DopeReadRepoResponse.dbRevision -> db_revision
DopeReadRepoResponse.drift -> drift
DopeReadRepoResponse.onDiskRevision -> on_disk_revision
DopeReadRepoResponse.warnings -> warnings
DopeResolveRequest.dotPath -> dot_path
DopeResolveRequest.scopeUuid -> scope_uuid
DopeResolveRequest.takeOurs -> take_ours
DopeResolveResponse.resolved -> resolved
DopeResolveResponse.takeOurs -> take_ours
DopeScopeResponse.created -> created
DopeScopeResponse.scope -> scope
DopeScopeRow.code -> code
DopeScopeRow.createdAt -> created_at
DopeScopeRow.deletedOn -> deleted_on
DopeScopeRow.description -> description
DopeScopeRow.instanceUuid -> instance_uuid
DopeScopeRow.name -> name
DopeScopeRow.projectUuid -> project_uuid
DopeScopeRow.promptUuid -> prompt_uuid
DopeScopeRow.revision -> revision
DopeScopeRow.scopeType -> scope_type
DopeScopeRow.sessionUuid -> session_uuid
DopeScopeRow.updatedAt -> updated_at
DopeScopeRow.uuid -> uuid
DopeScopeRow.version -> version
DopeSearchHit.excerpt -> excerpt
DopeSearchHit.kind -> kind
DopeSearchHit.origin -> origin
DopeSearchHit.path -> path
DopeSearchHit.scopeCode -> scope_code
DopeSearchHit.scopeType -> scope_type
DopeSearchHit.scopeUuid -> scope_uuid
DopeSearchHit.score -> score
DopeSearchHit.subjectUuid -> subject_uuid
DopeSearchHit.title -> title
DopeSearchRequest.limit -> limit
DopeSearchRequest.onlyMasks -> only_masks
DopeSearchRequest.projectUuid -> project_uuid
DopeSearchRequest.promptUuid -> prompt_uuid
DopeSearchRequest.query -> query
DopeSearchRequest.scope -> scope
DopeSearchRequest.sessionUuid -> session_uuid
DopeSearchRequest.sources -> sources
DopeSearchResponse.hits -> hits
DopeWriteRepoRequest.force -> force
DopeWriteRepoRequest.scopeUuid -> scope_uuid
DopeWriteRepoResponse.dopeRoot -> dope_root
DopeWriteRepoResponse.filesPruned -> files_pruned
DopeWriteRepoResponse.filesWritten -> files_written
DopeWriteRepoResponse.revision -> revision
EnvelopeHead.protocolVersion -> protocol_version
EnvelopeHead.requestId -> request_id
EnvelopeHead.type -> type
ErrorPayload.codeRaw -> code
ErrorPayload.daemonProtocolVersion -> daemon_protocol_version
ErrorPayload.message -> message
EventListRequest.kind -> kind
EventListRequest.limit -> limit
EventListRequest.sinceId -> since_id
EventListRequest.sinceTime -> since_time
EventListRequest.subjectUuid -> subject_uuid
EventListRequest.untilTime -> until_time
EventListResponse.events -> events
EventNotification.createdAt -> created_at
EventNotification.id -> id
EventNotification.kind -> kind
EventNotification.payload -> payload
EventNotification.subjectUuid -> subject_uuid
ExplorationFindingRow.agentId -> agent_id
ExplorationFindingRow.agentName -> agent_name
ExplorationFindingRow.body -> body
ExplorationFindingRow.explorationSummaryUuid -> exploration_summary_uuid
ExplorationFindingRow.filePath -> file_path
ExplorationFindingRow.findingRating -> finding_rating
ExplorationFindingRow.kind -> kind
ExplorationFindingRow.title -> title
ExplorationFindingRow.uuid -> uuid
ExplorationFindingRow.version -> version
ExplorationFindingStub.agentName -> agent_name
ExplorationFindingStub.findingRating -> finding_rating
ExplorationFindingStub.kind -> kind
ExplorationFindingStub.title -> title
ExplorationFindingStub.uuid -> uuid
ExplorationKeyFileRow.explorationSummaryUuid -> exploration_summary_uuid
ExplorationKeyFileRow.filePath -> file_path
ExplorationKeyFileRow.uuid -> uuid
ExplorationKeyFileRow.version -> version
ExplorationReportStub.findingCount -> finding_count
ExplorationReportStub.keyFileCount -> key_file_count
ExplorationReportStub.status -> status
ExplorationReportStub.sub100FindingCount -> sub100_finding_count
ExplorationReportStub.summaryUuid -> summary_uuid
ExplorationReportStub.unrankedFindingCount -> unranked_finding_count
ExplorationReportStub.version -> version
ExplorationSummaryRow.agentId -> agent_id
ExplorationSummaryRow.agentType -> agent_type
ExplorationSummaryRow.createdAt -> created_at
ExplorationSummaryRow.overview -> overview
ExplorationSummaryRow.promptUuid -> prompt_uuid
ExplorationSummaryRow.status -> status
ExplorationSummaryRow.updatedAt -> updated_at
ExplorationSummaryRow.uuid -> uuid
ExplorationSummaryRow.version -> version
ExploreCompleteRequest.expectedVersion -> expected_version
ExploreCompleteRequest.overview -> overview
ExploreCompleteRequest.summaryUuid -> summary_uuid
ExploreFindingAddRequest.agentId -> agent_id
ExploreFindingAddRequest.agentName -> agent_name
ExploreFindingAddRequest.body -> body
ExploreFindingAddRequest.filePath -> file_path
ExploreFindingAddRequest.kind -> kind
ExploreFindingAddRequest.rating -> rating
ExploreFindingAddRequest.summaryUuid -> summary_uuid
ExploreFindingAddRequest.title -> title
ExploreFindingRowResponse.finding -> finding
ExploreGetRequest.agentType -> agent_type
ExploreGetRequest.full -> full
ExploreGetRequest.promptUuid -> prompt_uuid
ExploreGetRequest.ratingMax -> rating_max
ExploreGetRequest.ratingMin -> rating_min
ExploreGetResponse.findingStubs -> finding_stubs
ExploreGetResponse.findings -> findings
ExploreGetResponse.keyFiles -> key_files
ExploreGetResponse.summaries -> summaries
ExploreKeyFileAddRequest.filePath -> file_path
ExploreKeyFileAddRequest.summaryUuid -> summary_uuid
ExploreKeyFileAddResponse.created -> created
ExploreKeyFileAddResponse.keyFile -> key_file
ExploreOpenRequest.agentId -> agent_id
ExploreOpenRequest.agentType -> agent_type
ExploreOpenRequest.promptUuid -> prompt_uuid
ExploreRankRequest.promptUuid -> prompt_uuid
ExploreRankRequest.ratings -> ratings
ExploreRankResponse.promptUuid -> prompt_uuid
ExploreRankResponse.unrankedCount -> unranked_count
ExploreRankResponse.updatedCount -> updated_count
ExploreReopenRequest.expectedVersion -> expected_version
ExploreReopenRequest.summaryUuid -> summary_uuid
ExploreSummaryResponse.created -> created
ExploreSummaryResponse.summary -> summary
FileChangeAdd.agentId -> agent_id
FileChangeAdd.agentName -> agent_name
FileChangeAdd.agentType -> agent_type
FileChangeAdd.autoAttribute -> auto_attribute
FileChangeAdd.changeKind -> change_kind
FileChangeAdd.claudeSessionId -> claude_session_id
FileChangeAdd.claudeTurnId -> claude_turn_id
FileChangeAdd.durationMs -> duration_ms
FileChangeAdd.instance -> instance
FileChangeAdd.origin -> origin
FileChangeAdd.permissionMode -> permission_mode
FileChangeAdd.project -> project
FileChangeAdd.promptUuid -> prompt_uuid
FileChangeAdd.ranges -> ranges
FileChangeAdd.relativePath -> relative_path
FileChangeAdd.session -> session
FileChangeAdd.toolName -> tool_name
FileChangeAdd.toolUseId -> tool_use_id
FileChangeAdd.transcriptPath -> transcript_path
FileChangeAddResponse.deduplicated -> deduplicated
FileChangeAddResponse.fileChangeUuid -> file_change_uuid
FileChangeAddResponse.rangeUuids -> range_uuids
FileChangeAddResponse.sessionFileUuid -> session_file_uuid
FileChangeListRequest.limit -> limit
FileChangeListRequest.promptUuid -> prompt_uuid
FileChangeListRequest.relativePath -> relative_path
FileChangeListRequest.sessionUuid -> session_uuid
FileChangeListResponse.changes -> changes
FileChangeRow.agentId -> agent_id
FileChangeRow.agentName -> agent_name
FileChangeRow.agentRegistrationUuid -> agent_registration_uuid
FileChangeRow.agentType -> agent_type
FileChangeRow.changeKind -> change_kind
FileChangeRow.claudeSessionId -> claude_session_id
FileChangeRow.claudeTurnId -> claude_turn_id
FileChangeRow.createdAt -> created_at
FileChangeRow.durationMs -> duration_ms
FileChangeRow.origin -> origin
FileChangeRow.permissionMode -> permission_mode
FileChangeRow.promptUuid -> prompt_uuid
FileChangeRow.ranges -> ranges
FileChangeRow.relativePath -> relative_path
FileChangeRow.sessionUuid -> session_uuid
FileChangeRow.toolName -> tool_name
FileChangeRow.toolUseId -> tool_use_id
FileChangeRow.transcriptPath -> transcript_path
FileChangeRow.uuid -> uuid
FileChangeRow.workflowPhase -> workflow_phase
FindingRating.findingUuid -> finding_uuid
FindingRating.rating -> rating
GmHarnessIdentity.clientKey -> client_key
GmHarnessIdentity.cwd -> cwd
GmHarnessIdentity.projectDir -> project_dir
Hello.clientName -> client_name
Hello.pid -> pid
HelloAck.daemonPid -> daemon_pid
HelloAck.protocolVersion -> protocol_version
HookEventRequest.event -> event
HookEventRequest.hookSafe -> hook_safe
HookEventRequest.identity -> identity
HookEventRequest.payload -> payload
HookEventResponse.additionalContext -> additional_context
HookEventResponse.note -> note
HookEventResponse.recorded -> recorded
InstanceContext.absoluteFileSystemPath -> absolute_file_system_path
InstanceContext.code -> code
InstanceContext.gmfsRelativeStoragePath -> gmfs_relative_storage_path
InstanceContext.kbiteCodes -> kbite_codes
InstanceContext.name -> name
InstanceContext.uuid -> uuid
InstanceCurrentSessionRequest.instanceUuid -> instance_uuid
InstanceCurrentSessionResponse.currentBranch -> current_branch
InstanceCurrentSessionResponse.currentSessionCode -> current_session_code
InstanceCurrentSessionResponse.headState -> head_state
InstanceCurrentSessionResponse.session -> session
InstanceListRequest.projectUuid -> project_uuid
InstanceListResponse.instances -> instances
InstanceRow.absoluteFileSystemPath -> absolute_file_system_path
InstanceRow.code -> code
InstanceRow.createdAt -> created_at
InstanceRow.gmfsRelativeStoragePath -> gmfs_relative_storage_path
InstanceRow.name -> name
InstanceRow.projectUuid -> project_uuid
InstanceRow.updatedAt -> updated_at
InstanceRow.uuid -> uuid
InstanceRow.version -> version
KbiteAddRequest.code -> code
KbiteAddRequest.ownerUuid -> owner_uuid
KbiteAddRequest.scope -> scope
KbiteAddResponse.added -> added
KbiteAddResponse.code -> code
KbiteAddResponse.kbiteUuid -> kbite_uuid
KbiteDeleteRequest.code -> code
KbiteDeleteResponse.code -> code
KbiteDeleteResponse.deletedFiles -> deleted_files
KbiteDeleteResponse.deletedRegistrations -> deleted_registrations
KbiteDeleteResponse.deletedResources -> deleted_resources
KbiteDeleteResponse.gcKeywordCount -> gc_keyword_count
KbiteDeleteResponse.kbiteUuid -> kbite_uuid
KbiteDigestRequest.code -> code
KbiteDigestRequest.kbiteOpenPath -> kbite_open_path
KbiteDigestResponse.archiveError -> archive_error
KbiteDigestResponse.archivedTo -> archived_to
KbiteDigestResponse.deletedChewedFiles -> deleted_chewed_files
KbiteDigestResponse.fileCount -> file_count
KbiteDigestResponse.kbiteUuid -> kbite_uuid
KbiteDigestResponse.keywordCount -> keyword_count
KbiteDigestResponse.resourceCount -> resource_count
KbiteExportRequest.anonymize -> anonymize
KbiteExportRequest.code -> code
KbiteExportRequest.dbExportPath -> db_export_path
KbiteExportResponse.code -> code
KbiteExportResponse.dbExportPath -> db_export_path
KbiteExportResponse.fileCount -> file_count
KbiteExportResponse.fileKeywordCount -> file_keyword_count
KbiteExportResponse.kbiteKeywordCount -> kbite_keyword_count
KbiteExportResponse.kbiteUuid -> kbite_uuid
KbiteExportResponse.resourceCount -> resource_count
KbiteFileGetRequest.fileUuid -> file_uuid
KbiteFileGetResponse.file -> file
KbiteGetRequest.code -> code
KbiteGetResponse.kbite -> kbite
KbiteGetResponse.keywords -> keywords
KbiteGetResponse.resources -> resources
KbiteImportRequest.dbExportPath -> db_export_path
KbiteImportRequest.onCollision -> on_collision
KbiteImportRequest.rehydrate -> rehydrate
KbiteImportResponse.code -> code
KbiteImportResponse.fileCount -> file_count
KbiteImportResponse.imported -> imported
KbiteImportResponse.kbiteUuid -> kbite_uuid
KbiteImportResponse.keywordCount -> keyword_count
KbiteImportResponse.resourceCount -> resource_count
KbiteImportResponse.skippedExisting -> skipped_existing
KbiteKeywordTagRequest.detach -> detach
KbiteKeywordTagRequest.keywords -> keywords
KbiteKeywordTagRequest.level -> level
KbiteKeywordTagRequest.targetUuid -> target_uuid
KbiteKeywordTagResponse.attached -> attached
KbiteKeywordTagResponse.detached -> detached
KbiteListRequest.all -> all
KbiteListRequest.ownerUuid -> owner_uuid
KbiteListRequest.scope -> scope
KbiteListResponse.kbites -> kbites
KbiteMawOpenRequest.kbiteName -> kbite_name
KbiteMawOpenRequest.mawPath -> maw_path
KbiteMawOpenResponse.createdDirs -> created_dirs
KbiteMawOpenResponse.createdIndex -> created_index
KbiteMawOpenResponse.mawPath -> maw_path
KbiteRef.code -> code
KbiteRef.uuid -> uuid
KbiteRemoveRequest.code -> code
KbiteRemoveRequest.ownerUuid -> owner_uuid
KbiteRemoveRequest.scope -> scope
KbiteRemoveResponse.removed -> removed
KbiteResourceFileRow.createdAt -> created_at
KbiteResourceFileRow.kbiteResourceUuid -> kbite_resource_uuid
KbiteResourceFileRow.resourceFileContent -> resource_file_content
KbiteResourceFileRow.resourceFileName -> resource_file_name
KbiteResourceFileRow.resourceFileSummary -> resource_file_summary
KbiteResourceFileRow.uuid -> uuid
KbiteResourceFileStub.hasContent -> has_content
KbiteResourceFileStub.resourceFileName -> resource_file_name
KbiteResourceFileStub.resourceFileSummary -> resource_file_summary
KbiteResourceFileStub.uuid -> uuid
KbiteResourceRow.files -> files
KbiteResourceRow.kbiteUuid -> kbite_uuid
KbiteResourceRow.resourceName -> resource_name
KbiteResourceRow.resourceSummary -> resource_summary
KbiteResourceRow.resourceTrust -> resource_trust
KbiteResourceRow.resourceType -> resource_type
KbiteResourceRow.uuid -> uuid
KbiteRow.code -> code
KbiteRow.createdAt -> created_at
KbiteRow.updatedAt -> updated_at
KbiteRow.uuid -> uuid
KbiteRow.version -> version
KbiteSearchHit.fileName -> file_name
KbiteSearchHit.fileSummary -> file_summary
KbiteSearchHit.fileUuid -> file_uuid
KbiteSearchHit.kbiteCode -> kbite_code
KbiteSearchHit.kbiteUuid -> kbite_uuid
KbiteSearchHit.matchedKeywords -> matched_keywords
KbiteSearchHit.resourceName -> resource_name
KbiteSearchHit.score -> score
KbiteSearchRequest.kbiteUuids -> kbite_uuids
KbiteSearchRequest.limit -> limit
KbiteSearchRequest.query -> query
KbiteSearchResponse.hits -> hits
MachineHostSnapshotRow.activeWorkstationUuid -> active_workstation_uuid
MachineHostSnapshotRow.appProcesses -> app_processes
MachineHostSnapshotRow.displays -> displays
MachineHostSnapshotRow.machine -> machine
MachineHostSnapshotRow.managedWindows -> managed_windows
MachineHostSnapshotRow.workstationDisplays -> workstation_displays
MachineHostSnapshotRow.workstationWorkspaces -> workstation_workspaces
MachineHostSnapshotRow.workstations -> workstations
MachineRow.code -> code
MachineRow.createdAt -> created_at
MachineRow.name -> name
MachineRow.updatedAt -> updated_at
MachineRow.uuid -> uuid
MachineRow.version -> version
MachineRow.windowManagementEnabled -> window_management_enabled
ManagedWindowRow.appProcessUuid -> app_process_uuid
ManagedWindowRow.cgWindowId -> cg_window_id
ManagedWindowRow.columnIndex -> column_index
ManagedWindowRow.columnWeight -> column_weight
ManagedWindowRow.deletedOn -> deleted_on
ManagedWindowRow.frameHeight -> frame_height
ManagedWindowRow.frameWidth -> frame_width
ManagedWindowRow.frameX -> frame_x
ManagedWindowRow.frameY -> frame_y
ManagedWindowRow.isFloating -> is_floating
ManagedWindowRow.preParkHeight -> pre_park_height
ManagedWindowRow.preParkWidth -> pre_park_width
ManagedWindowRow.preParkX -> pre_park_x
ManagedWindowRow.preParkY -> pre_park_y
ManagedWindowRow.title -> title
ManagedWindowRow.uuid -> uuid
ManagedWindowRow.version -> version
ManagedWindowRow.workspaceCode -> workspace_code
ManagedWindowUpsert.cgWindowId -> cg_window_id
ManagedWindowUpsert.columnIndex -> column_index
ManagedWindowUpsert.columnWeight -> column_weight
ManagedWindowUpsert.frameHeight -> frame_height
ManagedWindowUpsert.frameWidth -> frame_width
ManagedWindowUpsert.frameX -> frame_x
ManagedWindowUpsert.frameY -> frame_y
ManagedWindowUpsert.isFloating -> is_floating
ManagedWindowUpsert.preParkHeight -> pre_park_height
ManagedWindowUpsert.preParkWidth -> pre_park_width
ManagedWindowUpsert.preParkX -> pre_park_x
ManagedWindowUpsert.preParkY -> pre_park_y
ManagedWindowUpsert.process -> process
ManagedWindowUpsert.title -> title
ManagedWindowUpsert.workspaceCode -> workspace_code
McpCallRequest.arguments -> arguments
McpCallRequest.identity -> identity
McpCallRequest.tool -> tool
McpCallResponse.isError -> is_error
McpCallResponse.text -> text
MirrorBatch.machineUuid -> machine_uuid
MirrorBatch.processes -> processes
MirrorBatch.retireProcessUuids -> retire_process_uuids
MirrorBatch.retireWindowUuids -> retire_window_uuids
MirrorBatch.windows -> windows
MirrorFlushRow.appProcesses -> app_processes
MirrorFlushRow.managedWindows -> managed_windows
PathsGetResponse.backupsRoot -> backups_root
PathsGetResponse.dbPath -> db_path
PathsGetResponse.gmFsRoot -> gm_fs_root
PathsGetResponse.kbiteDigestedRoot -> kbite_digested_root
PathsGetResponse.kbiteOpenRoot -> kbite_open_root
PathsGetResponse.kbiteRoot -> kbite_root
PathsGetResponse.projectsRoot -> projects_root
PathsGetResponse.socketPath -> socket_path
PingResponse.buildDate -> build_date
PingResponse.buildSha -> build_sha
PingResponse.cpuPercent -> cpu_percent
PingResponse.daemonPid -> daemon_pid
PingResponse.gmfsRoot -> gmfs_root
PingResponse.protocolVersion -> protocol_version
PingResponse.residentMemoryBytes -> resident_memory_bytes
PingResponse.startedAt -> started_at
PingResponse.uptimeSeconds -> uptime_seconds
PingResponse.writerBundlePath -> writer_bundle_path
PingResponse.writerRole -> writer_role
ProjectContext.code -> code
ProjectContext.gitRepoName -> git_repo_name
ProjectContext.gmfsRelativeStoragePath -> gmfs_relative_storage_path
ProjectContext.kbiteCodes -> kbite_codes
ProjectContext.name -> name
ProjectContext.uuid -> uuid
ProjectListResponse.projects -> projects
ProjectResponse.project -> project
ProjectRow.code -> code
ProjectRow.createdAt -> created_at
ProjectRow.gitRepoName -> git_repo_name
ProjectRow.gmfsRelativeStoragePath -> gmfs_relative_storage_path
ProjectRow.name -> name
ProjectRow.primaryProjectBranch -> primary_project_branch
ProjectRow.updatedAt -> updated_at
ProjectRow.uuid -> uuid
ProjectRow.version -> version
ProjectUpdateRequest.expectedVersion -> expected_version
ProjectUpdateRequest.primaryProjectBranch -> primary_project_branch
ProjectUpdateRequest.projectUuid -> project_uuid
PromptActivationRow.clientKey -> client_key
PromptActivationRow.createdAt -> created_at
PromptActivationRow.promptUuid -> prompt_uuid
PromptActivationRow.sessionUuid -> session_uuid
PromptActivationRow.uuid -> uuid
PromptChangeSummary.promptUuid -> prompt_uuid
PromptChangeSummary.summary -> summary
PromptCreateRequest.backstory -> backstory
PromptCreateRequest.code -> code
PromptCreateRequest.command -> command
PromptCreateRequest.detail -> detail
PromptCreateRequest.gmfsRelativeStoragePath -> gmfs_relative_storage_path
PromptCreateRequest.goal -> goal
PromptCreateRequest.name -> name
PromptCreateRequest.sessionUuid -> session_uuid
PromptCreateRequest.uuid -> uuid
PromptDiagramGetRequest.diagramUuid -> diagram_uuid
PromptDiagramGetRequest.promptUuid -> prompt_uuid
PromptDiagramListRequest.promptUuid -> prompt_uuid
PromptDiagramListResponse.qualifications -> qualifications
PromptDiagramQualifyRequest.diagramUuid -> diagram_uuid
PromptDiagramQualifyRequest.promptUuid -> prompt_uuid
PromptDiagramQualifyRequest.qualification -> qualification
PromptDiagramQualifyRequest.renderFingerprint -> render_fingerprint
PromptDiagramQualifyRequest.renderedPath -> rendered_path
PromptDiagramQualifyRequest.renderedRevision -> rendered_revision
PromptGetRequest.promptUuid -> prompt_uuid
PromptGetResponse.artifacts -> artifacts
PromptGetResponse.changeSummary -> change_summary
PromptGetResponse.kbiteCodes -> kbite_codes
PromptGetResponse.prompt -> prompt
PromptListRequest.sessionUuid -> session_uuid
PromptListRequest.withReports -> with_reports
PromptListResponse.prompts -> prompts
PromptQualifiedDiagramRow.createdAt -> created_at
PromptQualifiedDiagramRow.diagramUuid -> diagram_uuid
PromptQualifiedDiagramRow.promptUuid -> prompt_uuid
PromptQualifiedDiagramRow.qualification -> qualification
PromptQualifiedDiagramRow.renderFingerprint -> render_fingerprint
PromptQualifiedDiagramRow.renderedPath -> rendered_path
PromptQualifiedDiagramRow.renderedRevision -> rendered_revision
PromptQualifiedDiagramRow.updatedAt -> updated_at
PromptQualifiedDiagramRow.uuid -> uuid
PromptQualifiedDiagramRow.version -> version
PromptReportsStub.architecture -> architecture
PromptReportsStub.clarification -> clarification
PromptReportsStub.exploration -> exploration
PromptReportsStub.review -> review
PromptResumeRequest.clientKey -> client_key
PromptResumeRequest.promptUuid -> prompt_uuid
PromptResumeRequest.variant -> variant
PromptRow.backstory -> backstory
PromptRow.code -> code
PromptRow.command -> command
PromptRow.createdAt -> created_at
PromptRow.detail -> detail
PromptRow.gmfsRelativeStoragePath -> gmfs_relative_storage_path
PromptRow.goal -> goal
PromptRow.name -> name
PromptRow.seq -> seq
PromptRow.sessionUuid -> session_uuid
PromptRow.status -> status
PromptRow.updatedAt -> updated_at
PromptRow.uuid -> uuid
PromptRow.version -> version
PromptSetStatusRequest.clientKey -> client_key
PromptSetStatusRequest.expectedVersion -> expected_version
PromptSetStatusRequest.promptUuid -> prompt_uuid
PromptSetStatusRequest.status -> status
PromptStartRequest.clientKey -> client_key
PromptStartRequest.promptUuid -> prompt_uuid
PromptStartRequest.variant -> variant
PromptStub.code -> code
PromptStub.createdAt -> created_at
PromptStub.gmfsRelativeStoragePath -> gmfs_relative_storage_path
PromptStub.name -> name
PromptStub.reports -> reports
PromptStub.seq -> seq
PromptStub.sessionUuid -> session_uuid
PromptStub.status -> status
PromptStub.updatedAt -> updated_at
PromptStub.uuid -> uuid
PromptStub.version -> version
PromptUpdateContentRequest.backstory -> backstory
PromptUpdateContentRequest.detail -> detail
PromptUpdateContentRequest.expectedVersion -> expected_version
PromptUpdateContentRequest.goal -> goal
PromptUpdateContentRequest.promptUuid -> prompt_uuid
RawEnvelopeHead.protocolVersion -> protocol_version
RawEnvelopeHead.requestId -> request_id
RawEnvelopeHead.typeRaw -> type
RequestEnvelope.payload -> payload
RequestEnvelope.protocolVersion -> protocol_version
RequestEnvelope.requestId -> request_id
RequestEnvelope.type -> type
ResponseEnvelope.error -> error
ResponseEnvelope.ok -> ok
ResponseEnvelope.payload -> payload
ResponseEnvelope.protocolVersion -> protocol_version
ResponseEnvelope.requestId -> request_id
ResponseEnvelope.type -> type
ReviewCompleteRequest.expectedVersion -> expected_version
ReviewCompleteRequest.overview -> overview
ReviewCompleteRequest.summaryUuid -> summary_uuid
ReviewCompleteRequest.verdict -> verdict
ReviewFindingAddRequest.agentId -> agent_id
ReviewFindingAddRequest.agentName -> agent_name
ReviewFindingAddRequest.body -> body
ReviewFindingAddRequest.filePath -> file_path
ReviewFindingAddRequest.kind -> kind
ReviewFindingAddRequest.lineEnd -> line_end
ReviewFindingAddRequest.lineStart -> line_start
ReviewFindingAddRequest.rating -> rating
ReviewFindingAddRequest.summaryUuid -> summary_uuid
ReviewFindingAddRequest.title -> title
ReviewFindingRow.agentId -> agent_id
ReviewFindingRow.agentName -> agent_name
ReviewFindingRow.body -> body
ReviewFindingRow.filePath -> file_path
ReviewFindingRow.findingRating -> finding_rating
ReviewFindingRow.kind -> kind
ReviewFindingRow.lineEnd -> line_end
ReviewFindingRow.lineStart -> line_start
ReviewFindingRow.reviewSummaryUuid -> review_summary_uuid
ReviewFindingRow.status -> status
ReviewFindingRow.title -> title
ReviewFindingRow.uuid -> uuid
ReviewFindingRow.version -> version
ReviewFindingRowResponse.finding -> finding
ReviewFindingStub.agentName -> agent_name
ReviewFindingStub.findingRating -> finding_rating
ReviewFindingStub.kind -> kind
ReviewFindingStub.status -> status
ReviewFindingStub.title -> title
ReviewFindingStub.uuid -> uuid
ReviewGetRequest.full -> full
ReviewGetRequest.promptUuid -> prompt_uuid
ReviewGetRequest.ratingMax -> rating_max
ReviewGetRequest.ratingMin -> rating_min
ReviewGetResponse.findingStubs -> finding_stubs
ReviewGetResponse.findings -> findings
ReviewGetResponse.summary -> summary
ReviewOpenRequest.promptUuid -> prompt_uuid
ReviewRankRequest.ratings -> ratings
ReviewRankRequest.summaryUuid -> summary_uuid
ReviewRankResponse.summary -> summary
ReviewRankResponse.unrankedCount -> unranked_count
ReviewRankResponse.updatedCount -> updated_count
ReviewReopenRequest.expectedVersion -> expected_version
ReviewReopenRequest.summaryUuid -> summary_uuid
ReviewReportStub.findingCount -> finding_count
ReviewReportStub.openFindingCount -> open_finding_count
ReviewReportStub.status -> status
ReviewReportStub.sub100FindingCount -> sub100_finding_count
ReviewReportStub.summaryUuid -> summary_uuid
ReviewReportStub.unrankedFindingCount -> unranked_finding_count
ReviewReportStub.verdict -> verdict
ReviewReportStub.version -> version
ReviewResolveRequest.expectedVersion -> expected_version
ReviewResolveRequest.findingUuid -> finding_uuid
ReviewResolveRequest.status -> status
ReviewSummaryResponse.created -> created
ReviewSummaryResponse.summary -> summary
ReviewSummaryRow.agentId -> agent_id
ReviewSummaryRow.createdAt -> created_at
ReviewSummaryRow.overview -> overview
ReviewSummaryRow.promptUuid -> prompt_uuid
ReviewSummaryRow.status -> status
ReviewSummaryRow.updatedAt -> updated_at
ReviewSummaryRow.uuid -> uuid
ReviewSummaryRow.verdict -> verdict
ReviewSummaryRow.version -> version
SearchHit.excerpt -> excerpt
SearchHit.kind -> kind
SearchHit.promptName -> prompt_name
SearchHit.promptSeq -> prompt_seq
SearchHit.promptStatus -> prompt_status
SearchHit.promptUuid -> prompt_uuid
SearchHit.score -> score
SearchHit.sessionCode -> session_code
SearchHit.sessionUuid -> session_uuid
SearchHit.subjectUuid -> subject_uuid
SearchHit.title -> title
SearchRequest.kinds -> kinds
SearchRequest.limit -> limit
SearchRequest.query -> query
SearchRequest.sessionUuid -> session_uuid
SearchResponse.hits -> hits
SessionContext.backstory -> backstory
SessionContext.code -> code
SessionContext.gmfsRelativeStoragePath -> gmfs_relative_storage_path
SessionContext.goal -> goal
SessionContext.kbiteCodes -> kbite_codes
SessionContext.name -> name
SessionContext.uuid -> uuid
SessionGetRequest.sessionUuid -> session_uuid
SessionGetResponse.changeSummary -> change_summary
SessionGetResponse.promptChanges -> prompt_changes
SessionGetResponse.prompts -> prompts
SessionGetResponse.session -> session
SessionListRequest.instanceUuid -> instance_uuid
SessionListResponse.sessions -> sessions
SessionResolveRequest.sessionUuid -> session_uuid
SessionResolveResponse.checkedOut -> checked_out
SessionResolveResponse.currentBranch -> current_branch
SessionResolveResponse.currentSessionCode -> current_session_code
SessionResolveResponse.headState -> head_state
SessionResolveResponse.session -> session
SessionRow.activations -> activations
SessionRow.backstory -> backstory
SessionRow.code -> code
SessionRow.createdAt -> created_at
SessionRow.goal -> goal
SessionRow.name -> name
SessionRow.updatedAt -> updated_at
SessionRow.uuid -> uuid
SessionRow.version -> version
SessionStub.code -> code
SessionStub.createdAt -> created_at
SessionStub.gmfsRelativeStoragePath -> gmfs_relative_storage_path
SessionStub.instanceUuid -> instance_uuid
SessionStub.lastActivityAt -> last_activity_at
SessionStub.name -> name
SessionStub.updatedAt -> updated_at
SessionStub.uuid -> uuid
SessionStub.version -> version
SessionUpdateRequest.activePromptUuid -> active_prompt_uuid
SessionUpdateRequest.backstory -> backstory
SessionUpdateRequest.clearActivePrompt -> clear_active_prompt
SessionUpdateRequest.clientKey -> client_key
SessionUpdateRequest.expectedVersion -> expected_version
SessionUpdateRequest.goal -> goal
SessionUpdateRequest.name -> name
SessionUpdateRequest.sessionUuid -> session_uuid
ShutdownResponse.message -> message
StatusResponse.cpuPercent -> cpu_percent
StatusResponse.daemonPid -> daemon_pid
StatusResponse.dbPath -> db_path
StatusResponse.lastEventId -> last_event_id
StatusResponse.protocolVersion -> protocol_version
StatusResponse.residentMemoryBytes -> resident_memory_bytes
StatusResponse.schemaVersion -> schema_version
StatusResponse.socketPath -> socket_path
StatusResponse.startedAt -> started_at
StatusResponse.tableCounts -> table_counts
StatusResponse.uptimeSeconds -> uptime_seconds
StatusResponse.writerBundlePath -> writer_bundle_path
StatusResponse.writerRole -> writer_role
Subscribe.sinceId -> since_id
SubscribeAck.lastEventId -> last_event_id
SubscribeAck.replayCount -> replay_count
TableCount.count -> count
TableCount.name -> name
TestLockAcquireRequest.agentId -> agent_id
TestLockAcquireRequest.doneCondition -> done_condition
TestLockAcquireRequest.doneHint -> done_hint
TestLockAcquireRequest.doneKind -> done_kind
TestLockAcquireRequest.gitBranch -> git_branch
TestLockAcquireRequest.gitSha -> git_sha
TestLockAcquireRequest.holderPid -> holder_pid
TestLockAcquireRequest.leaseSeconds -> lease_seconds
TestLockAcquireRequest.lockPath -> lock_path
TestLockAcquireRequest.projectUuid -> project_uuid
TestLockAcquireRequest.runRoot -> run_root
TestLockAcquireRequest.sessionUuid -> session_uuid
TestLockAcquireRequest.suiteId -> suite_id
TestLockAcquireRequest.targetInstanceUuid -> target_instance_uuid
TestLockReleaseRequest.exitCode -> exit_code
TestLockReleaseRequest.finalState -> final_state
TestLockReleaseRequest.force -> force
TestLockReleaseRequest.projectUuid -> project_uuid
TestLockReleaseRequest.runUuid -> run_uuid
TestLockReleaseRequest.summary -> summary
TestLockResponse.claimedAt -> claimed_at
TestLockResponse.expiresAt -> expires_at
TestLockResponse.heldByRunUuid -> held_by_run_uuid
TestLockResponse.holderKind -> holder_kind
TestLockResponse.holderPid -> holder_pid
TestLockResponse.lockPath -> lock_path
TestLockResponse.projectUuid -> project_uuid
TestLockResponse.reclaimed -> reclaimed
TestLockResponse.run -> run
TestLockResponse.state -> state
TestLockResponse.targetInstanceUuid -> target_instance_uuid
TestLockResponse.version -> version
TestLockStatusRequest.projectUuid -> project_uuid
TestRunResponse.runs -> runs
TestRunStartRequest.expectedVersion -> expected_version
TestRunStartRequest.runUuid -> run_uuid
TestRunStatusRequest.limit -> limit
TestRunStatusRequest.projectUuid -> project_uuid
TestRunStatusRequest.runUuid -> run_uuid
TestRunSummary.agentId -> agent_id
TestRunSummary.createdAt -> created_at
TestRunSummary.doneCondition -> done_condition
TestRunSummary.doneHint -> done_hint
TestRunSummary.doneKind -> done_kind
TestRunSummary.exitCode -> exit_code
TestRunSummary.finishedAt -> finished_at
TestRunSummary.gitBranch -> git_branch
TestRunSummary.gitSha -> git_sha
TestRunSummary.instanceUuid -> instance_uuid
TestRunSummary.projectUuid -> project_uuid
TestRunSummary.runRoot -> run_root
TestRunSummary.sessionUuid -> session_uuid
TestRunSummary.startedAt -> started_at
TestRunSummary.state -> state
TestRunSummary.suiteId -> suite_id
TestRunSummary.summary -> summary
TestRunSummary.updatedAt -> updated_at
TestRunSummary.uuid -> uuid
TestRunSummary.version -> version
TestSuiteListRequest.projectUuid -> project_uuid
TestSuiteListResponse.manifestPath -> manifest_path
TestSuiteListResponse.suites -> suites
TestSuiteSpec.command -> command
TestSuiteSpec.doneHint -> done_hint
TestSuiteSpec.doneKind -> done_kind
TestSuiteSpec.id -> id
TxBatchRequest.requests -> requests
TxBatchResponse.results -> results
UnplannedChangeRow.changeCount -> change_count
UnplannedChangeRow.firstChangedAt -> first_changed_at
UnplannedChangeRow.lastChangedAt -> last_changed_at
UnplannedChangeRow.path -> path
VerbSpec.cdeTool -> cde_tool
VerbSpec.gmAliases -> gm_aliases
VerbSpec.gmInvocation -> gm_invocation
VerbSpec.messageType -> message_type
VerbSpec.role -> role
WorkstationDisplayRow.displayUuid -> display_uuid
WorkstationDisplayRow.position -> position
WorkstationDisplayRow.uuid -> uuid
WorkstationDisplayRow.workstationUuid -> workstation_uuid
WorkstationRow.createdAt -> created_at
WorkstationRow.displaySetKey -> display_set_key
WorkstationRow.machineUuid -> machine_uuid
WorkstationRow.name -> name
WorkstationRow.updatedAt -> updated_at
WorkstationRow.uuid -> uuid
WorkstationRow.version -> version
WorkstationWorkspaceRow.displayUuid -> display_uuid
WorkstationWorkspaceRow.isActive -> is_active
WorkstationWorkspaceRow.uuid -> uuid
WorkstationWorkspaceRow.workspaceCode -> workspace_code
WorkstationWorkspaceRow.workstationUuid -> workstation_uuid
